May 27 11:50:26 raspberrypi rsyslogd: [origin software="rsyslogd" swVersion="8.4.2" x-pid="554" x-info="http://www.rsyslog.com"] start
May 27 11:50:26 raspberrypi kernel: [    0.000000] Booting Linux on physical CPU 0x0
May 27 11:50:26 raspberrypi kernel: [    0.000000] Initializing cgroup subsys cpuset
May 27 11:50:26 raspberrypi kernel: [    0.000000] Initializing cgroup subsys cpu
May 27 11:50:26 raspberrypi kernel: [    0.000000] Initializing cgroup subsys cpuacct
May 27 11:50:26 raspberrypi kernel: [    0.000000] Linux version 4.4.11-v7+ (dc4@dc4-XPS13-9333) (gcc version 4.9.3 (crosstool-NG crosstool-ng-1.22.0-88-g8460611) ) #888 SMP Mon May 23 20:10:33 BST 2016
May 27 11:50:26 raspberrypi kernel: [    0.000000] CPU: ARMv7 Processor [410fd034] revision 4 (ARMv7), cr=10c5383d
May 27 11:50:26 raspberrypi kernel: [    0.000000] CPU: PIPT / VIPT nonaliasing data cache, VIPT aliasing instruction cache
May 27 11:50:26 raspberrypi kernel: [    0.000000] Machine model: Raspberry Pi 3 Model B Rev 1.2
May 27 11:50:26 raspberrypi kernel: [    0.000000] cma: Reserved 8 MiB at 0x3a800000
May 27 11:50:26 raspberrypi kernel: [    0.000000] Memory policy: Data cache writealloc
May 27 11:50:26 raspberrypi kernel: [    0.000000] [bcm2709_smp_init_cpus] enter (9520->f3003010)
May 27 11:50:26 raspberrypi kernel: [    0.000000] [bcm2709_smp_init_cpus] ncores=4
May 27 11:50:26 raspberrypi kernel: [    0.000000] PERCPU: Embedded 13 pages/cpu @b9f62000 s22592 r8192 d22464 u53248
May 27 11:50:26 raspberrypi kernel: [    0.000000] Built 1 zonelists in Zone order, mobility grouping on.  Total pages: 239540
May 27 11:50:26 raspberrypi kernel: [    0.000000] Kernel command line: 8250.nr_uarts=0 dma.dmachans=0x7f35 bcm2708_fb.fbwidth=1360 bcm2708_fb.fbheight=768 bcm2709.boardrev=0xa22082 bcm2709.serial=0x7c45a1d8 smsc95xx.macaddr=B8:27:EB:45:A1:D8 bcm2708_fb.fbswap=1 bcm2709.uart_clock=48000000 vc_mem.mem_base=0x3dc00000 vc_mem.mem_size=0x3f000000  dwc_otg.lpm_enable=0 console=ttyS0,115200 console=tty1 root=/dev/mmcblk0p2 rootfstype=ext4 elevator=deadline fsck.repair=yes rootwait
May 27 11:50:26 raspberrypi kernel: [    0.000000] PID hash table entries: 4096 (order: 2, 16384 bytes)
May 27 11:50:26 raspberrypi kernel: [    0.000000] Dentry cache hash table entries: 131072 (order: 7, 524288 bytes)
May 27 11:50:26 raspberrypi kernel: [    0.000000] Inode-cache hash table entries: 65536 (order: 6, 262144 bytes)
May 27 11:50:26 raspberrypi kernel: [    0.000000] Memory: 939080K/966656K available (6344K kernel code, 432K rwdata, 1712K rodata, 476K init, 764K bss, 19384K reserved, 8192K cma-reserved)
May 27 11:50:26 raspberrypi kernel: [    0.000000] Virtual kernel memory layout:
May 27 11:50:26 raspberrypi kernel: [    0.000000]     vector  : 0xffff0000 - 0xffff1000   (   4 kB)
May 27 11:50:26 raspberrypi kernel: [    0.000000]     fixmap  : 0xffc00000 - 0xfff00000   (3072 kB)
May 27 11:50:26 raspberrypi kernel: [    0.000000]     vmalloc : 0xbb800000 - 0xff800000   (1088 MB)
May 27 11:50:26 raspberrypi kernel: [    0.000000]     lowmem  : 0x80000000 - 0xbb000000   ( 944 MB)
May 27 11:50:26 raspberrypi kernel: [    0.000000]     modules : 0x7f000000 - 0x80000000   (  16 MB)
May 27 11:50:26 raspberrypi kernel: [    0.000000]       .text : 0x80008000 - 0x807e6420   (8058 kB)
May 27 11:50:26 raspberrypi kernel: [    0.000000]       .init : 0x807e7000 - 0x8085e000   ( 476 kB)
May 27 11:50:26 raspberrypi kernel: [    0.000000]       .data : 0x8085e000 - 0x808ca0c8   ( 433 kB)
May 27 11:50:26 raspberrypi kernel: [    0.000000]        .bss : 0x808cd000 - 0x8098c1ac   ( 765 kB)
May 27 11:50:26 raspberrypi kernel: [    0.000000] SLUB: HWalign=64, Order=0-3, MinObjects=0, CPUs=4, Nodes=1
May 27 11:50:26 raspberrypi kernel: [    0.000000] Hierarchical RCU implementation.
May 27 11:50:26 raspberrypi kernel: [    0.000000] 	Build-time adjustment of leaf fanout to 32.
May 27 11:50:26 raspberrypi kernel: [    0.000000] NR_IRQS:16 nr_irqs:16 16
May 27 11:50:26 raspberrypi kernel: [    0.000000] Architected cp15 timer(s) running at 19.20MHz (phys).
May 27 11:50:26 raspberrypi kernel: [    0.000000] clocksource: arch_sys_counter: mask: 0xffffffffffffff max_cycles: 0x46d987e47, max_idle_ns: 440795202767 ns
May 27 11:50:26 raspberrypi kernel: [    0.000008] sched_clock: 56 bits at 19MHz, resolution 52ns, wraps every 4398046511078ns
May 27 11:50:26 raspberrypi kernel: [    0.000025] Switching to timer-based delay loop, resolution 52ns
May 27 11:50:26 raspberrypi kernel: [    0.000285] Console: colour dummy device 80x30
May 27 11:50:26 raspberrypi kernel: [    0.001331] console [tty1] enabled
May 27 11:50:26 raspberrypi kernel: [    0.001375] Calibrating delay loop (skipped), value calculated using timer frequency.. 38.40 BogoMIPS (lpj=192000)
May 27 11:50:26 raspberrypi kernel: [    0.001442] pid_max: default: 32768 minimum: 301
May 27 11:50:26 raspberrypi kernel: [    0.001774] Mount-cache hash table entries: 2048 (order: 1, 8192 bytes)
May 27 11:50:26 raspberrypi kernel: [    0.001817] Mountpoint-cache hash table entries: 2048 (order: 1, 8192 bytes)
May 27 11:50:26 raspberrypi kernel: [    0.002771] Disabling cpuset control group subsystem
May 27 11:50:26 raspberrypi kernel: [    0.002827] Initializing cgroup subsys io
May 27 11:50:26 raspberrypi kernel: [    0.002877] Initializing cgroup subsys memory
May 27 11:50:26 raspberrypi kernel: [    0.002938] Initializing cgroup subsys devices
May 27 11:50:26 raspberrypi kernel: [    0.002981] Initializing cgroup subsys freezer
May 27 11:50:26 raspberrypi kernel: [    0.003025] Initializing cgroup subsys net_cls
May 27 11:50:26 raspberrypi kernel: [    0.003096] CPU: Testing write buffer coherency: ok
May 27 11:50:26 raspberrypi kernel: [    0.003186] ftrace: allocating 21205 entries in 63 pages
May 27 11:50:26 raspberrypi kernel: [    0.052330] CPU0: update cpu_capacity 1024
May 27 11:50:26 raspberrypi kernel: [    0.052394] CPU0: thread -1, cpu 0, socket 0, mpidr 80000000
May 27 11:50:26 raspberrypi kernel: [    0.052427] [bcm2709_smp_prepare_cpus] enter
May 27 11:50:26 raspberrypi kernel: [    0.052576] Setting up static identity map for 0x8240 - 0x8274
May 27 11:50:26 raspberrypi kernel: [    0.054237] [bcm2709_boot_secondary] cpu:1 started (0) 18
May 27 11:50:26 raspberrypi kernel: [    0.054595] [bcm2709_secondary_init] enter cpu:1
May 27 11:50:26 raspberrypi kernel: [    0.054638] CPU1: update cpu_capacity 1024
May 27 11:50:26 raspberrypi kernel: [    0.054644] CPU1: thread -1, cpu 1, socket 0, mpidr 80000001
May 27 11:50:26 raspberrypi kernel: [    0.055023] [bcm2709_boot_secondary] cpu:2 started (0) 17
May 27 11:50:26 raspberrypi kernel: [    0.055282] [bcm2709_secondary_init] enter cpu:2
May 27 11:50:26 raspberrypi kernel: [    0.055303] CPU2: update cpu_capacity 1024
May 27 11:50:26 raspberrypi kernel: [    0.055309] CPU2: thread -1, cpu 2, socket 0, mpidr 80000002
May 27 11:50:26 raspberrypi kernel: [    0.055670] [bcm2709_boot_secondary] cpu:3 started (0) 16
May 27 11:50:26 raspberrypi kernel: [    0.055852] [bcm2709_secondary_init] enter cpu:3
May 27 11:50:26 raspberrypi kernel: [    0.055872] CPU3: update cpu_capacity 1024
May 27 11:50:26 raspberrypi kernel: [    0.055878] CPU3: thread -1, cpu 3, socket 0, mpidr 80000003
May 27 11:50:26 raspberrypi kernel: [    0.055939] Brought up 4 CPUs
May 27 11:50:26 raspberrypi kernel: [    0.056036] SMP: Total of 4 processors activated (153.60 BogoMIPS).
May 27 11:50:26 raspberrypi kernel: [    0.056065] CPU: All CPU(s) started in HYP mode.
May 27 11:50:26 raspberrypi kernel: [    0.056091] CPU: Virtualization extensions available.
May 27 11:50:26 raspberrypi kernel: [    0.056723] devtmpfs: initialized
May 27 11:50:26 raspberrypi kernel: [    0.066835] VFP support v0.3: implementor 41 architecture 3 part 40 variant 3 rev 4
May 27 11:50:26 raspberrypi kernel: [    0.067198] clocksource: jiffies: mask: 0xffffffff max_cycles: 0xffffffff, max_idle_ns: 19112604462750000 ns
May 27 11:50:26 raspberrypi kernel: [    0.067938] pinctrl core: initialized pinctrl subsystem
May 27 11:50:26 raspberrypi kernel: [    0.068494] NET: Registered protocol family 16
May 27 11:50:26 raspberrypi kernel: [    0.073673] DMA: preallocated 4096 KiB pool for atomic coherent allocations
May 27 11:50:26 raspberrypi kernel: [    0.080418] hw-breakpoint: found 5 (+1 reserved) breakpoint and 4 watchpoint registers.
May 27 11:50:26 raspberrypi kernel: [    0.080467] hw-breakpoint: maximum watchpoint size is 8 bytes.
May 27 11:50:26 raspberrypi kernel: [    0.080648] Serial: AMBA PL011 UART driver
May 27 11:50:26 raspberrypi kernel: [    0.080801] uart-pl011 3f201000.uart: could not find pctldev for node /soc/gpio@7e200000/uart0_pins, deferring probe
May 27 11:50:26 raspberrypi kernel: [    0.081006] bcm2835-mbox 3f00b880.mailbox: mailbox enabled
May 27 11:50:26 raspberrypi kernel: [    0.142994] bcm2835-dma 3f007000.dma: DMA legacy API manager at f3007000, dmachans=0x1
May 27 11:50:26 raspberrypi kernel: [    0.144670] SCSI subsystem initialized
May 27 11:50:26 raspberrypi kernel: [    0.144867] usbcore: registered new interface driver usbfs
May 27 11:50:26 raspberrypi kernel: [    0.144976] usbcore: registered new interface driver hub
May 27 11:50:26 raspberrypi kernel: [    0.145094] usbcore: registered new device driver usb
May 27 11:50:26 raspberrypi kernel: [    0.151887] raspberrypi-firmware soc:firmware: Attached to firmware from 2016-05-20 19:01
May 27 11:50:26 raspberrypi kernel: [    0.179159] clocksource: Switched to clocksource arch_sys_counter
May 27 11:50:26 raspberrypi kernel: [    0.224490] FS-Cache: Loaded
May 27 11:50:26 raspberrypi kernel: [    0.224794] CacheFiles: Loaded
May 27 11:50:26 raspberrypi kernel: [    0.237010] NET: Registered protocol family 2
May 27 11:50:26 raspberrypi kernel: [    0.237881] TCP established hash table entries: 8192 (order: 3, 32768 bytes)
May 27 11:50:26 raspberrypi kernel: [    0.238019] TCP bind hash table entries: 8192 (order: 4, 65536 bytes)
May 27 11:50:26 raspberrypi kernel: [    0.238230] TCP: Hash tables configured (established 8192 bind 8192)
May 27 11:50:26 raspberrypi kernel: [    0.238343] UDP hash table entries: 512 (order: 2, 16384 bytes)
May 27 11:50:26 raspberrypi kernel: [    0.238410] UDP-Lite hash table entries: 512 (order: 2, 16384 bytes)
May 27 11:50:26 raspberrypi kernel: [    0.238667] NET: Registered protocol family 1
May 27 11:50:26 raspberrypi kernel: [    0.239002] RPC: Registered named UNIX socket transport module.
May 27 11:50:26 raspberrypi kernel: [    0.239035] RPC: Registered udp transport module.
May 27 11:50:26 raspberrypi kernel: [    0.239062] RPC: Registered tcp transport module.
May 27 11:50:26 raspberrypi kernel: [    0.239090] RPC: Registered tcp NFSv4.1 backchannel transport module.
May 27 11:50:26 raspberrypi kernel: [    0.240145] hw perfevents: enabled with armv7_cortex_a7 PMU driver, 7 counters available
May 27 11:50:26 raspberrypi kernel: [    0.241525] futex hash table entries: 1024 (order: 4, 65536 bytes)
May 27 11:50:26 raspberrypi kernel: [    0.254690] VFS: Disk quotas dquot_6.6.0
May 27 11:50:26 raspberrypi kernel: [    0.255012] VFS: Dquot-cache hash table entries: 1024 (order 0, 4096 bytes)
May 27 11:50:26 raspberrypi kernel: [    0.257324] FS-Cache: Netfs 'nfs' registered for caching
May 27 11:50:26 raspberrypi kernel: [    0.258224] NFS: Registering the id_resolver key type
May 27 11:50:26 raspberrypi kernel: [    0.258296] Key type id_resolver registered
May 27 11:50:26 raspberrypi kernel: [    0.258324] Key type id_legacy registered
May 27 11:50:26 raspberrypi kernel: [    0.260698] Block layer SCSI generic (bsg) driver version 0.4 loaded (major 252)
May 27 11:50:26 raspberrypi kernel: [    0.260862] io scheduler noop registered
May 27 11:50:26 raspberrypi kernel: [    0.260901] io scheduler deadline registered (default)
May 27 11:50:26 raspberrypi kernel: [    0.260974] io scheduler cfq registered
May 27 11:50:26 raspberrypi kernel: [    0.263506] BCM2708FB: allocated DMA memory fac00000
May 27 11:50:26 raspberrypi kernel: [    0.263553] BCM2708FB: allocated DMA channel 0 @ f3007000
May 27 11:50:26 raspberrypi kernel: [    0.279585] Console: switching to colour frame buffer device 170x48
May 27 11:50:26 raspberrypi kernel: [    1.154151] bcm2835-rng 3f104000.rng: hwrng registered
May 27 11:50:26 raspberrypi kernel: [    1.154411] vc-cma: Videocore CMA driver
May 27 11:50:26 raspberrypi kernel: [    1.154494] vc-cma: vc_cma_base      = 0x00000000
May 27 11:50:26 raspberrypi kernel: [    1.154576] vc-cma: vc_cma_size      = 0x00000000 (0 MiB)
May 27 11:50:26 raspberrypi kernel: [    1.154666] vc-cma: vc_cma_initial   = 0x00000000 (0 MiB)
May 27 11:50:26 raspberrypi kernel: [    1.154999] vc-mem: phys_addr:0x00000000 mem_base=0x3dc00000 mem_size:0x3f000000(1008 MiB)
May 27 11:50:26 raspberrypi kernel: [    1.169629] brd: module loaded
May 27 11:50:26 raspberrypi kernel: [    1.178268] loop: module loaded
May 27 11:50:26 raspberrypi kernel: [    1.179273] vchiq: vchiq_init_state: slot_zero = 0xbac80000, is_master = 0
May 27 11:50:26 raspberrypi kernel: [    1.180892] Loading iSCSI transport class v2.0-870.
May 27 11:50:26 raspberrypi kernel: [    1.181614] usbcore: registered new interface driver smsc95xx
May 27 11:50:26 raspberrypi kernel: [    1.181752] dwc_otg: version 3.00a 10-AUG-2012 (platform bus)
May 27 11:50:26 raspberrypi kernel: [    1.382128] Core Release: 2.80a
May 27 11:50:26 raspberrypi kernel: [    1.385085] Setting default values for core params
May 27 11:50:26 raspberrypi kernel: [    1.388074] Finished setting default values for core params
May 27 11:50:26 raspberrypi kernel: [    1.591471] Using Buffer DMA mode
May 27 11:50:26 raspberrypi kernel: [    1.594423] Periodic Transfer Interrupt Enhancement - disabled
May 27 11:50:26 raspberrypi kernel: [    1.597393] Multiprocessor Interrupt Enhancement - disabled
May 27 11:50:26 raspberrypi kernel: [    1.600373] OTG VER PARAM: 0, OTG VER FLAG: 0
May 27 11:50:26 raspberrypi kernel: [    1.603322] Dedicated Tx FIFOs mode
May 27 11:50:26 raspberrypi kernel: [    1.606543] WARN::dwc_otg_hcd_init:1047: FIQ DMA bounce buffers: virt = 0xbac14000 dma = 0xfac14000 len=9024
May 27 11:50:26 raspberrypi kernel: [    1.609629] FIQ FSM acceleration enabled for :
May 27 11:50:26 raspberrypi kernel: [    1.609629] Non-periodic Split Transactions
May 27 11:50:26 raspberrypi kernel: [    1.609629] Periodic Split Transactions
May 27 11:50:26 raspberrypi kernel: [    1.609629] High-Speed Isochronous Endpoints
May 27 11:50:26 raspberrypi kernel: [    1.609629] Interrupt/Control Split Transaction hack enabled
May 27 11:50:26 raspberrypi kernel: [    1.624832] WARN::hcd_init_fiq:413: FIQ on core 1 at 0x804464e4
May 27 11:50:26 raspberrypi kernel: [    1.627866] WARN::hcd_init_fiq:414: FIQ ASM at 0x80446854 length 36
May 27 11:50:26 raspberrypi kernel: [    1.630856] WARN::hcd_init_fiq:439: MPHI regs_base at 0xbc09a000
May 27 11:50:26 raspberrypi kernel: [    1.633865] dwc_otg 3f980000.usb: DWC OTG Controller
May 27 11:50:26 raspberrypi kernel: [    1.636830] dwc_otg 3f980000.usb: new USB bus registered, assigned bus number 1
May 27 11:50:26 raspberrypi kernel: [    1.639822] dwc_otg 3f980000.usb: irq 62, io mem 0x00000000
May 27 11:50:26 raspberrypi kernel: [    1.642791] Init: Port Power? op_state=1
May 27 11:50:26 raspberrypi kernel: [    1.645701] Init: Power Port (0)
May 27 11:50:26 raspberrypi kernel: [    1.648792] usb usb1: New USB device found, idVendor=1d6b, idProduct=0002
May 27 11:50:26 raspberrypi kernel: [    1.651766] usb usb1: New USB device strings: Mfr=3, Product=2, SerialNumber=1
May 27 11:50:26 raspberrypi kernel: [    1.654682] usb usb1: Product: DWC OTG Controller
May 27 11:50:26 raspberrypi kernel: [    1.657584] usb usb1: Manufacturer: Linux 4.4.11-v7+ dwc_otg_hcd
May 27 11:50:26 raspberrypi kernel: [    1.660537] usb usb1: SerialNumber: 3f980000.usb
May 27 11:50:26 raspberrypi kernel: [    1.664265] hub 1-0:1.0: USB hub found
May 27 11:50:26 raspberrypi kernel: [    1.667215] hub 1-0:1.0: 1 port detected
May 27 11:50:26 raspberrypi kernel: [    1.671090] usbcore: registered new interface driver usb-storage
May 27 11:50:26 raspberrypi kernel: [    1.674292] mousedev: PS/2 mouse device common for all mice
May 27 11:50:26 raspberrypi kernel: [    1.677921] bcm2835-cpufreq: min=600000 max=1200000
May 27 11:50:26 raspberrypi kernel: [    1.681171] sdhci: Secure Digital Host Controller Interface driver
May 27 11:50:26 raspberrypi kernel: [    1.684141] sdhci: Copyright(c) Pierre Ossman
May 27 11:50:26 raspberrypi kernel: [    1.687440] sdhost: log_buf @ bac13000 (fac13000)
May 27 11:50:26 raspberrypi kernel: [    1.769280] mmc0: sdhost-bcm2835 loaded - DMA enabled (>1)
May 27 11:50:26 raspberrypi kernel: [    1.774563] mmc-bcm2835 3f300000.mmc: mmc_debug:0 mmc_debug2:0
May 27 11:50:26 raspberrypi kernel: [    1.777542] mmc-bcm2835 3f300000.mmc: DMA channel allocated
May 27 11:50:26 raspberrypi kernel: [    1.829271] sdhci-pltfm: SDHCI platform and OF driver helper
May 27 11:50:26 raspberrypi kernel: [    1.832639] ledtrig-cpu: registered to indicate activity on CPUs
May 27 11:50:26 raspberrypi kernel: [    1.835709] hidraw: raw HID events driver (C) Jiri Kosina
May 27 11:50:26 raspberrypi kernel: [    1.838844] usbcore: registered new interface driver usbhid
May 27 11:50:26 raspberrypi kernel: [    1.841807] usbhid: USB HID core driver
May 27 11:50:26 raspberrypi kernel: [    1.845286] Initializing XFRM netlink socket
May 27 11:50:26 raspberrypi kernel: [    1.848228] NET: Registered protocol family 17
May 27 11:50:26 raspberrypi kernel: [    1.851266] Key type dns_resolver registered
May 27 11:50:26 raspberrypi kernel: [    1.854649] Registering SWP/SWPB emulation handler
May 27 11:50:26 raspberrypi kernel: [    1.858322] registered taskstats version 1
May 27 11:50:26 raspberrypi kernel: [    1.861380] vc-sm: Videocore shared memory driver
May 27 11:50:26 raspberrypi kernel: [    1.864232] [vc_sm_connected_init]: start
May 27 11:50:26 raspberrypi kernel: [    1.868575] [vc_sm_connected_init]: end - returning 0
May 27 11:50:26 raspberrypi kernel: [    1.870734] mmc0: host does not support reading read-only switch, assuming write-enable
May 27 11:50:26 raspberrypi kernel: [    1.873373] mmc0: new high speed SDHC card at address aaaa
May 27 11:50:26 raspberrypi kernel: [    1.873940] mmcblk0: mmc0:aaaa SL16G 14.8 GiB
May 27 11:50:26 raspberrypi kernel: [    1.875973]  mmcblk0: p1 p2
May 27 11:50:26 raspberrypi kernel: [    1.882634] Indeed it is in host mode hprt0 = 00021501
May 27 11:50:26 raspberrypi kernel: [    1.885759] 3f201000.uart: ttyAMA0 at MMIO 0x3f201000 (irq = 87, base_baud = 0) is a PL011 rev2
May 27 11:50:26 raspberrypi kernel: [    1.889050] of_cfs_init
May 27 11:50:26 raspberrypi kernel: [    1.892073] of_cfs_init: OK
May 27 11:50:26 raspberrypi kernel: [    1.899322] mmc1: queuing unknown CIS tuple 0x80 (2 bytes)
May 27 11:50:26 raspberrypi kernel: [    1.903843] mmc1: queuing unknown CIS tuple 0x80 (3 bytes)
May 27 11:50:26 raspberrypi kernel: [    1.908259] mmc1: queuing unknown CIS tuple 0x80 (3 bytes)
May 27 11:50:26 raspberrypi kernel: [    1.913878] mmc1: queuing unknown CIS tuple 0x80 (7 bytes)
May 27 11:50:26 raspberrypi kernel: [    1.918901] EXT4-fs (mmcblk0p2): mounted filesystem with ordered data mode. Opts: (null)
May 27 11:50:26 raspberrypi kernel: [    1.921793] VFS: Mounted root (ext4 filesystem) readonly on device 179:2.
May 27 11:50:26 raspberrypi kernel: [    1.925408] devtmpfs: mounted
May 27 11:50:26 raspberrypi kernel: [    1.928944] Freeing unused kernel memory: 476K (807e7000 - 8085e000)
May 27 11:50:26 raspberrypi kernel: [    2.014006] mmc1: new high speed SDIO card at address 0001
May 27 11:50:26 raspberrypi kernel: [    2.059213] usb 1-1: new high-speed USB device number 2 using dwc_otg
May 27 11:50:26 raspberrypi kernel: [    2.062281] Indeed it is in host mode hprt0 = 00001101
May 27 11:50:26 raspberrypi kernel: [    2.158140] random: systemd urandom read with 28 bits of entropy available
May 27 11:50:26 raspberrypi kernel: [    2.259476] usb 1-1: New USB device found, idVendor=0424, idProduct=9514
May 27 11:50:26 raspberrypi kernel: [    2.262674] usb 1-1: New USB device strings: Mfr=0, Product=0, SerialNumber=0
May 27 11:50:26 raspberrypi kernel: [    2.266599] hub 1-1:1.0: USB hub found
May 27 11:50:26 raspberrypi kernel: [    2.269838] hub 1-1:1.0: 5 ports detected
May 27 11:50:26 raspberrypi kernel: [    2.304166] NET: Registered protocol family 10
May 27 11:50:26 raspberrypi kernel: [    2.549234] usb 1-1.1: new high-speed USB device number 3 using dwc_otg
May 27 11:50:26 raspberrypi kernel: [    2.649537] usb 1-1.1: New USB device found, idVendor=0424, idProduct=ec00
May 27 11:50:26 raspberrypi kernel: [    2.652706] usb 1-1.1: New USB device strings: Mfr=0, Product=0, SerialNumber=0
May 27 11:50:26 raspberrypi kernel: [    2.658763] smsc95xx v1.0.4
May 27 11:50:26 raspberrypi kernel: [    2.722565] smsc95xx 1-1.1:1.0 eth0: register 'smsc95xx' at usb-3f980000.usb-1.1, smsc95xx USB 2.0 Ethernet, b8:27:eb:45:a1:d8
May 27 11:50:26 raspberrypi kernel: [    2.799199] usb 1-1.3: new low-speed USB device number 4 using dwc_otg
May 27 11:50:26 raspberrypi kernel: [    2.954175] usb 1-1.3: New USB device found, idVendor=04f2, idProduct=0841
May 27 11:50:26 raspberrypi kernel: [    2.957608] usb 1-1.3: New USB device strings: Mfr=1, Product=2, SerialNumber=0
May 27 11:50:26 raspberrypi kernel: [    2.961036] usb 1-1.3: Product: HP USB Multimedia Keyboard
May 27 11:50:26 raspberrypi kernel: [    2.964402] usb 1-1.3: Manufacturer: CHICONY
May 27 11:50:26 raspberrypi kernel: [    2.979846] input: CHICONY HP USB Multimedia Keyboard as /devices/platform/soc/3f980000.usb/usb1/1-1/1-1.3/1-1.3:1.0/0003:04F2:0841.0001/input/input0
May 27 11:50:26 raspberrypi kernel: [    3.040474] hid-generic 0003:04F2:0841.0001: input,hidraw0: USB HID v1.11 Keyboard [CHICONY HP USB Multimedia Keyboard] on usb-3f980000.usb-1.3/input0
May 27 11:50:26 raspberrypi kernel: [    3.059895] input: CHICONY HP USB Multimedia Keyboard as /devices/platform/soc/3f980000.usb/usb1/1-1/1-1.3/1-1.3:1.1/0003:04F2:0841.0002/input/input1
May 27 11:50:26 raspberrypi kernel: [    3.090737] fuse init (API version 7.23)
May 27 11:50:26 raspberrypi kernel: [    3.119807] hid-generic 0003:04F2:0841.0002: input,hiddev0,hidraw1: USB HID v1.11 Device [CHICONY HP USB Multimedia Keyboard] on usb-3f980000.usb-1.3/input1
May 27 11:50:26 raspberrypi kernel: [    3.136140] i2c /dev entries driver
May 27 11:50:26 raspberrypi kernel: [    4.273375] bcm2835-wdt 3f100000.watchdog: Broadcom BCM2835 watchdog timer
May 27 11:50:26 raspberrypi kernel: [    4.303890] gpiomem-bcm2835 3f200000.gpiomem: Initialised: Registers at 0x3f200000
May 27 11:50:26 raspberrypi kernel: [    4.522295] usbcore: registered new interface driver brcmfmac
May 27 11:50:26 raspberrypi kernel: [    4.646319] random: nonblocking pool is initialized
May 27 11:50:26 raspberrypi kernel: [    4.812550] cfg80211: World regulatory domain updated:
May 27 11:50:26 raspberrypi kernel: [    4.812560] cfg80211:  DFS Master region: unset
May 27 11:50:26 raspberrypi kernel: [    4.812569] cfg80211:   (start_freq - end_freq @ bandwidth), (max_antenna_gain, max_eirp), (dfs_cac_time)
May 27 11:50:26 raspberrypi kernel: [    4.812583] cfg80211:   (2402000 KHz - 2472000 KHz @ 40000 KHz), (N/A, 2000 mBm), (N/A)
May 27 11:50:26 raspberrypi kernel: [    4.812598] cfg80211:   (2457000 KHz - 2482000 KHz @ 40000 KHz), (N/A, 2000 mBm), (N/A)
May 27 11:50:26 raspberrypi kernel: [    4.812610] cfg80211:   (2474000 KHz - 2494000 KHz @ 20000 KHz), (N/A, 2000 mBm), (N/A)
May 27 11:50:26 raspberrypi kernel: [    4.812624] cfg80211:   (5170000 KHz - 5250000 KHz @ 80000 KHz, 160000 KHz AUTO), (N/A, 2000 mBm), (N/A)
May 27 11:50:26 raspberrypi kernel: [    4.812638] cfg80211:   (5250000 KHz - 5330000 KHz @ 80000 KHz, 160000 KHz AUTO), (N/A, 2000 mBm), (0 s)
May 27 11:50:26 raspberrypi kernel: [    4.812651] cfg80211:   (5490000 KHz - 5730000 KHz @ 160000 KHz), (N/A, 2000 mBm), (0 s)
May 27 11:50:26 raspberrypi kernel: [    4.812663] cfg80211:   (5735000 KHz - 5835000 KHz @ 80000 KHz), (N/A, 2000 mBm), (N/A)
May 27 11:50:26 raspberrypi kernel: [    4.812675] cfg80211:   (57240000 KHz - 63720000 KHz @ 2160000 KHz), (N/A, 0 mBm), (N/A)
May 27 11:50:26 raspberrypi kernel: [    9.420539] EXT4-fs (mmcblk0p2): re-mounted. Opts: (null)
May 27 11:50:26 raspberrypi kernel: [   10.233290] IPv6: ADDRCONF(NETDEV_UP): wlan0: link is not ready
May 27 11:50:26 raspberrypi kernel: [   10.233409] brcmfmac: power management disabled
May 27 11:50:26 raspberrypi kernel: [   10.582912] cfg80211: Regulatory domain changed to country: GB
May 27 11:50:26 raspberrypi kernel: [   10.582935] cfg80211:  DFS Master region: ETSI
May 27 11:50:26 raspberrypi kernel: [   10.582945] cfg80211:   (start_freq - end_freq @ bandwidth), (max_antenna_gain, max_eirp), (dfs_cac_time)
May 27 11:50:26 raspberrypi kernel: [   10.582960] cfg80211:   (2402000 KHz - 2482000 KHz @ 40000 KHz), (N/A, 2000 mBm), (N/A)
May 27 11:50:26 raspberrypi kernel: [   10.582974] cfg80211:   (5170000 KHz - 5250000 KHz @ 80000 KHz, 160000 KHz AUTO), (N/A, 2000 mBm), (N/A)
May 27 11:50:26 raspberrypi kernel: [   10.582989] cfg80211:   (5250000 KHz - 5330000 KHz @ 80000 KHz, 160000 KHz AUTO), (N/A, 2000 mBm), (0 s)
May 27 11:50:26 raspberrypi kernel: [   10.583002] cfg80211:   (5490000 KHz - 5710000 KHz @ 160000 KHz), (N/A, 2700 mBm), (0 s)
May 27 11:50:26 raspberrypi kernel: [   10.583014] cfg80211:   (57000000 KHz - 66000000 KHz @ 2160000 KHz), (N/A, 4000 mBm), (N/A)
May 27 11:50:26 raspberrypi kernel: [   11.026993] uart-pl011 3f201000.uart: no DMA platform data
May 27 11:50:26 raspberrypi kernel: [   11.048949] EXT4-fs (mmcblk0p2): resizing filesystem from 964096 to 3872384 blocks
May 27 11:50:26 raspberrypi kernel: [   11.169798] EXT4-fs (mmcblk0p2): resized filesystem to 3872384
May 27 11:50:26 raspberrypi kernel: [   12.841868] smsc95xx 1-1.1:1.0 eth0: hardware isn't capable of remote wakeup
May 27 11:50:26 raspberrypi kernel: [   12.842497] IPv6: ADDRCONF(NETDEV_UP): eth0: link is not ready
May 27 11:50:30 raspberrypi kernel: [   17.042812] Bluetooth: Core ver 2.21
May 27 11:50:30 raspberrypi kernel: [   17.042905] NET: Registered protocol family 31
May 27 11:50:30 raspberrypi kernel: [   17.042915] Bluetooth: HCI device and connection manager initialized
May 27 11:50:30 raspberrypi kernel: [   17.042939] Bluetooth: HCI socket layer initialized
May 27 11:50:30 raspberrypi kernel: [   17.042957] Bluetooth: L2CAP socket layer initialized
May 27 11:50:30 raspberrypi kernel: [   17.042991] Bluetooth: SCO socket layer initialized
May 27 11:50:32 raspberrypi kernel: [   18.790207] Bluetooth: HCI UART driver ver 2.3
May 27 11:50:32 raspberrypi kernel: [   18.790221] Bluetooth: HCI UART protocol H4 registered
May 27 11:50:32 raspberrypi kernel: [   18.790226] Bluetooth: HCI UART protocol Three-wire (H5) registered
May 27 11:50:32 raspberrypi kernel: [   18.790345] Bluetooth: HCI UART protocol BCM registered
May 27 11:50:37 raspberrypi kernel: [   23.961617] Adding 102396k swap on /var/swap.  Priority:-1 extents:1 across:102396k SSFS
May 27 11:50:44 raspberrypi kernel: [   30.346460] Bluetooth: BNEP (Ethernet Emulation) ver 1.3
May 27 11:50:44 raspberrypi kernel: [   30.346485] Bluetooth: BNEP filters: protocol multicast
May 27 11:50:44 raspberrypi kernel: [   30.346519] Bluetooth: BNEP socket layer initialized
May 27 11:50:44 raspberrypi org.gtk.Private.AfcVolumeMonitor[843]: Volume monitor alive
May 27 11:51:06 raspberrypi kernel: [   52.379231] usb 1-1.2: new low-speed USB device number 5 using dwc_otg
May 27 11:51:06 raspberrypi kernel: [   52.488132] usb 1-1.2: New USB device found, idVendor=413c, idProduct=3010
May 27 11:51:06 raspberrypi kernel: [   52.488154] usb 1-1.2: New USB device strings: Mfr=0, Product=0, SerialNumber=0
May 27 11:51:06 raspberrypi kernel: [   52.501140] input: HID 413c:3010 as /devices/platform/soc/3f980000.usb/usb1/1-1/1-1.2/1-1.2:1.0/0003:413C:3010.0003/input/input2
May 27 11:51:06 raspberrypi kernel: [   52.502423] hid-generic 0003:413C:3010.0003: input,hidraw2: USB HID v1.00 Mouse [HID 413c:3010] on usb-3f980000.usb-1.2/input0
May 27 11:51:30 raspberrypi rsyslogd-2007: action 'action 17' suspended, next retry is Fri May 27 11:52:00 2016 [try http://www.rsyslog.com/e/2007 ]
May 27 11:51:45 raspberrypi kernel: [   91.939928] usb 1-1.2: USB disconnect, device number 5
May 27 11:51:46 raspberrypi kernel: [   92.259256] usb 1-1.2: new low-speed USB device number 6 using dwc_otg
May 27 11:51:46 raspberrypi kernel: [   92.364456] usb 1-1.2: New USB device found, idVendor=413c, idProduct=3010
May 27 11:51:46 raspberrypi kernel: [   92.364477] usb 1-1.2: New USB device strings: Mfr=0, Product=0, SerialNumber=0
May 27 11:51:46 raspberrypi kernel: [   92.371719] input: HID 413c:3010 as /devices/platform/soc/3f980000.usb/usb1/1-1/1-1.2/1-1.2:1.0/0003:413C:3010.0004/input/input3
May 27 11:51:46 raspberrypi kernel: [   92.372437] hid-generic 0003:413C:3010.0004: input,hidraw2: USB HID v1.00 Mouse [HID 413c:3010] on usb-3f980000.usb-1.2/input0
May 27 11:52:10 raspberrypi rsyslogd-2007: action 'action 17' suspended, next retry is Fri May 27 11:52:40 2016 [try http://www.rsyslog.com/e/2007 ]
May 27 11:53:32 raspberrypi rsyslogd-2007: action 'action 17' suspended, next retry is Fri May 27 11:54:02 2016 [try http://www.rsyslog.com/e/2007 ]
May 27 11:57:32 raspberrypi kernel: [  438.989207] usb 1-1.5: new high-speed USB device number 7 using dwc_otg
May 27 11:57:32 raspberrypi rsyslogd-2007: action 'action 17' suspended, next retry is Fri May 27 11:58:02 2016 [try http://www.rsyslog.com/e/2007 ]
May 27 11:57:32 raspberrypi kernel: [  439.106357] usb 1-1.5: New USB device found, idVendor=148f, idProduct=3070
May 27 11:57:32 raspberrypi kernel: [  439.106377] usb 1-1.5: New USB device strings: Mfr=1, Product=2, SerialNumber=3
May 27 11:57:32 raspberrypi kernel: [  439.106391] usb 1-1.5: Product: 802.11 n WLAN
May 27 11:57:32 raspberrypi kernel: [  439.106403] usb 1-1.5: Manufacturer: Ralink
May 27 11:57:32 raspberrypi kernel: [  439.106415] usb 1-1.5: SerialNumber: 1.0
May 27 11:57:34 raspberrypi kernel: [  440.349296] usb 1-1.5: reset high-speed USB device number 7 using dwc_otg
May 27 11:57:34 raspberrypi kernel: [  440.459742] ieee80211 phy1: rt2x00_set_rt: Info - RT chipset 3070, rev 0201 detected
May 27 11:57:34 raspberrypi kernel: [  440.477339] ieee80211 phy1: rt2x00_set_rf: Info - RF chipset 0005 detected
May 27 11:57:34 raspberrypi kernel: [  440.495449] usbcore: registered new interface driver rt2800usb
May 27 11:57:34 raspberrypi kernel: [  440.661783] ieee80211 phy1: rt2x00lib_request_firmware: Info - Loading firmware file 'rt2870.bin'
May 27 11:57:34 raspberrypi kernel: [  440.669460] ieee80211 phy1: rt2x00lib_request_firmware: Info - Firmware detected - version: 0.29
May 27 11:57:34 raspberrypi kernel: [  441.106360] IPv6: ADDRCONF(NETDEV_UP): wlan1: link is not ready
May 27 11:59:06 raspberrypi rsyslogd-2007: action 'action 17' suspended, next retry is Fri May 27 11:59:36 2016 [try http://www.rsyslog.com/e/2007 ]
May 27 12:01:33 raspberrypi rsyslogd-2007: action 'action 17' suspended, next retry is Fri May 27 12:02:03 2016 [try http://www.rsyslog.com/e/2007 ]
May 27 12:02:14 raspberrypi rsyslogd-2007: action 'action 17' suspended, next retry is Fri May 27 12:02:44 2016 [try http://www.rsyslog.com/e/2007 ]
May 27 12:04:39 raspberrypi rsyslogd-2007: action 'action 17' suspended, next retry is Fri May 27 12:05:09 2016 [try http://www.rsyslog.com/e/2007 ]
May 27 12:05:31 raspberrypi rsyslogd-2007: action 'action 17' suspended, next retry is Fri May 27 12:06:01 2016 [try http://www.rsyslog.com/e/2007 ]
May 27 12:06:50 raspberrypi rsyslogd-2007: action 'action 17' suspended, next retry is Fri May 27 12:07:20 2016 [try http://www.rsyslog.com/e/2007 ]
                                                                                                                                                     May 27 11:50:21 raspberrypi rsyslogd: [origin software="rsyslogd" swVersion="8.4.2" x-pid="566" x-info="http://www.rsyslog.com"] start
May 27 11:50:21 raspberrypi kernel: [    0.000000] Booting Linux on physical CPU 0x0
May 27 11:50:21 raspberrypi kernel: [    0.000000] Initializing cgroup subsys cpuset
May 27 11:50:21 raspberrypi kernel: [    0.000000] Initializing cgroup subsys cpu
May 27 11:50:21 raspberrypi kernel: [    0.000000] Initializing cgroup subsys cpuacct
May 27 11:50:21 raspberrypi kernel: [    0.000000] Linux version 4.4.11-v7+ (dc4@dc4-XPS13-9333) (gcc version 4.9.3 (crosstool-NG crosstool-ng-1.22.0-88-g8460611) ) #888 SMP Mon May 23 20:10:33 BST 2016
May 27 11:50:21 raspberrypi kernel: [    0.000000] CPU: ARMv7 Processor [410fd034] revision 4 (ARMv7), cr=10c5383d
May 27 11:50:21 raspberrypi kernel: [    0.000000] CPU: PIPT / VIPT nonaliasing data cache, VIPT aliasing instruction cache
May 27 11:50:21 raspberrypi kernel: [    0.000000] Machine model: Raspberry Pi 3 Model B Rev 1.2
May 27 11:50:21 raspberrypi kernel: [    0.000000] cma: Reserved 8 MiB at 0x3a800000
May 27 11:50:21 raspberrypi kernel: [    0.000000] Memory policy: Data cache writealloc
May 27 11:50:21 raspberrypi kernel: [    0.000000] [bcm2709_smp_init_cpus] enter (9520->f3003010)
May 27 11:50:21 raspberrypi kernel: [    0.000000] [bcm2709_smp_init_cpus] ncores=4
May 27 11:50:21 raspberrypi kernel: [    0.000000] PERCPU: Embedded 13 pages/cpu @b9f62000 s22592 r8192 d22464 u53248
May 27 11:50:21 raspberrypi kernel: [    0.000000] Built 1 zonelists in Zone order, mobility grouping on.  Total pages: 239540
May 27 11:50:21 raspberrypi kernel: [    0.000000] Kernel command line: 8250.nr_uarts=0 dma.dmachans=0x7f35 bcm2708_fb.fbwidth=1360 bcm2708_fb.fbheight=768 bcm2709.boardrev=0xa22082 bcm2709.serial=0x7c45a1d8 smsc95xx.macaddr=B8:27:EB:45:A1:D8 bcm2708_fb.fbswap=1 bcm2709.uart_clock=48000000 vc_mem.mem_base=0x3dc00000 vc_mem.mem_size=0x3f000000  dwc_otg.lpm_enable=0 console=ttyS0,115200 console=tty1 root=/dev/mmcblk0p2 rootfstype=ext4 elevator=deadline fsck.repair=yes rootwait
May 27 11:50:21 raspberrypi kernel: [    0.000000] PID hash table entries: 4096 (order: 2, 16384 bytes)
May 27 11:50:21 raspberrypi kernel: [    0.000000] Dentry cache hash table entries: 131072 (order: 7, 524288 bytes)
May 27 11:50:21 raspberrypi kernel: [    0.000000] Inode-cache hash table entries: 65536 (order: 6, 262144 bytes)
May 27 11:50:21 raspberrypi kernel: [    0.000000] Memory: 939080K/966656K available (6344K kernel code, 432K rwdata, 1712K rodata, 476K init, 764K bss, 19384K reserved, 8192K cma-reserved)
May 27 11:50:21 raspberrypi kernel: [    0.000000] Virtual kernel memory layout:
May 27 11:50:21 raspberrypi kernel: [    0.000000]     vector  : 0xffff0000 - 0xffff1000   (   4 kB)
May 27 11:50:21 raspberrypi kernel: [    0.000000]     fixmap  : 0xffc00000 - 0xfff00000   (3072 kB)
May 27 11:50:21 raspberrypi kernel: [    0.000000]     vmalloc : 0xbb800000 - 0xff800000   (1088 MB)
May 27 11:50:21 raspberrypi kernel: [    0.000000]     lowmem  : 0x80000000 - 0xbb000000   ( 944 MB)
May 27 11:50:21 raspberrypi kernel: [    0.000000]     modules : 0x7f000000 - 0x80000000   (  16 MB)
May 27 11:50:21 raspberrypi kernel: [    0.000000]       .text : 0x80008000 - 0x807e6420   (8058 kB)
May 27 11:50:21 raspberrypi kernel: [    0.000000]       .init : 0x807e7000 - 0x8085e000   ( 476 kB)
May 27 11:50:21 raspberrypi kernel: [    0.000000]       .data : 0x8085e000 - 0x808ca0c8   ( 433 kB)
May 27 11:50:21 raspberrypi kernel: [    0.000000]        .bss : 0x808cd000 - 0x8098c1ac   ( 765 kB)
May 27 11:50:21 raspberrypi kernel: [    0.000000] SLUB: HWalign=64, Order=0-3, MinObjects=0, CPUs=4, Nodes=1
May 27 11:50:21 raspberrypi kernel: [    0.000000] Hierarchical RCU implementation.
May 27 11:50:21 raspberrypi kernel: [    0.000000] 	Build-time adjustment of leaf fanout to 32.
May 27 11:50:21 raspberrypi kernel: [    0.000000] NR_IRQS:16 nr_irqs:16 16
May 27 11:50:21 raspberrypi kernel: [    0.000000] Architected cp15 timer(s) running at 19.20MHz (phys).
May 27 11:50:21 raspberrypi kernel: [    0.000000] clocksource: arch_sys_counter: mask: 0xffffffffffffff max_cycles: 0x46d987e47, max_idle_ns: 440795202767 ns
May 27 11:50:21 raspberrypi kernel: [    0.000009] sched_clock: 56 bits at 19MHz, resolution 52ns, wraps every 4398046511078ns
May 27 11:50:21 raspberrypi kernel: [    0.000025] Switching to timer-based delay loop, resolution 52ns
May 27 11:50:21 raspberrypi kernel: [    0.000289] Console: colour dummy device 80x30
May 27 11:50:21 raspberrypi kernel: [    0.001339] console [tty1] enabled
May 27 11:50:21 raspberrypi kernel: [    0.001382] Calibrating delay loop (skipped), value calculated using timer frequency.. 38.40 BogoMIPS (lpj=192000)
May 27 11:50:21 raspberrypi kernel: [    0.001450] pid_max: default: 32768 minimum: 301
May 27 11:50:21 raspberrypi kernel: [    0.001787] Mount-cache hash table entries: 2048 (order: 1, 8192 bytes)
May 27 11:50:21 raspberrypi kernel: [    0.001829] Mountpoint-cache hash table entries: 2048 (order: 1, 8192 bytes)
May 27 11:50:21 raspberrypi kernel: [    0.002782] Disabling cpuset control group subsystem
May 27 11:50:21 raspberrypi kernel: [    0.002837] Initializing cgroup subsys io
May 27 11:50:21 raspberrypi kernel: [    0.002888] Initializing cgroup subsys memory
May 27 11:50:21 raspberrypi kernel: [    0.002949] Initializing cgroup subsys devices
May 27 11:50:21 raspberrypi kernel: [    0.002990] Initializing cgroup subsys freezer
May 27 11:50:21 raspberrypi kernel: [    0.003032] Initializing cgroup subsys net_cls
May 27 11:50:21 raspberrypi kernel: [    0.003103] CPU: Testing write buffer coherency: ok
May 27 11:50:21 raspberrypi kernel: [    0.003191] ftrace: allocating 21205 entries in 63 pages
May 27 11:50:21 raspberrypi kernel: [    0.052373] CPU0: update cpu_capacity 1024
May 27 11:50:21 raspberrypi kernel: [    0.052434] CPU0: thread -1, cpu 0, socket 0, mpidr 80000000
May 27 11:50:21 raspberrypi kernel: [    0.052467] [bcm2709_smp_prepare_cpus] enter
May 27 11:50:21 raspberrypi kernel: [    0.052617] Setting up static identity map for 0x8240 - 0x8274
May 27 11:50:21 raspberrypi kernel: [    0.054280] [bcm2709_boot_secondary] cpu:1 started (0) 18
May 27 11:50:21 raspberrypi kernel: [    0.054611] [bcm2709_secondary_init] enter cpu:1
May 27 11:50:21 raspberrypi kernel: [    0.054653] CPU1: update cpu_capacity 1024
May 27 11:50:21 raspberrypi kernel: [    0.054659] CPU1: thread -1, cpu 1, socket 0, mpidr 80000001
May 27 11:50:21 raspberrypi kernel: [    0.055035] [bcm2709_boot_secondary] cpu:2 started (0) 17
May 27 11:50:21 raspberrypi kernel: [    0.055297] [bcm2709_secondary_init] enter cpu:2
May 27 11:50:21 raspberrypi kernel: [    0.055318] CPU2: update cpu_capacity 1024
May 27 11:50:21 raspberrypi kernel: [    0.055324] CPU2: thread -1, cpu 2, socket 0, mpidr 80000002
May 27 11:50:21 raspberrypi kernel: [    0.055686] [bcm2709_boot_secondary] cpu:3 started (0) 16
May 27 11:50:21 raspberrypi kernel: [    0.055869] [bcm2709_secondary_init] enter cpu:3
May 27 11:50:21 raspberrypi kernel: [    0.055889] CPU3: update cpu_capacity 1024
May 27 11:50:21 raspberrypi kernel: [    0.055895] CPU3: thread -1, cpu 3, socket 0, mpidr 80000003
May 27 11:50:21 raspberrypi kernel: [    0.055955] Brought up 4 CPUs
May 27 11:50:21 raspberrypi kernel: [    0.056053] SMP: Total of 4 processors activated (153.60 BogoMIPS).
May 27 11:50:21 raspberrypi kernel: [    0.056082] CPU: All CPU(s) started in HYP mode.
May 27 11:50:21 raspberrypi kernel: [    0.056108] CPU: Virtualization extensions available.
May 27 11:50:21 raspberrypi kernel: [    0.056747] devtmpfs: initialized
May 27 11:50:21 raspberrypi kernel: [    0.066851] VFP support v0.3: implementor 41 architecture 3 part 40 variant 3 rev 4
May 27 11:50:21 raspberrypi kernel: [    0.067212] clocksource: jiffies: mask: 0xffffffff max_cycles: 0xffffffff, max_idle_ns: 19112604462750000 ns
May 27 11:50:21 raspberrypi kernel: [    0.067951] pinctrl core: initialized pinctrl subsystem
May 27 11:50:21 raspberrypi kernel: [    0.068504] NET: Registered protocol family 16
May 27 11:50:21 raspberrypi kernel: [    0.073684] DMA: preallocated 4096 KiB pool for atomic coherent allocations
May 27 11:50:21 raspberrypi kernel: [    0.080435] hw-breakpoint: found 5 (+1 reserved) breakpoint and 4 watchpoint registers.
May 27 11:50:21 raspberrypi kernel: [    0.080485] hw-breakpoint: maximum watchpoint size is 8 bytes.
May 27 11:50:21 raspberrypi kernel: [    0.080665] Serial: AMBA PL011 UART driver
May 27 11:50:21 raspberrypi kernel: [    0.080817] uart-pl011 3f201000.uart: could not find pctldev for node /soc/gpio@7e200000/uart0_pins, deferring probe
May 27 11:50:21 raspberrypi kernel: [    0.081023] bcm2835-mbox 3f00b880.mailbox: mailbox enabled
May 27 11:50:21 raspberrypi kernel: [    0.143045] bcm2835-dma 3f007000.dma: DMA legacy API manager at f3007000, dmachans=0x1
May 27 11:50:21 raspberrypi kernel: [    0.144718] SCSI subsystem initialized
May 27 11:50:21 raspberrypi kernel: [    0.144914] usbcore: registered new interface driver usbfs
May 27 11:50:21 raspberrypi kernel: [    0.145023] usbcore: registered new interface driver hub
May 27 11:50:21 raspberrypi kernel: [    0.145141] usbcore: registered new device driver usb
May 27 11:50:21 raspberrypi kernel: [    0.151933] raspberrypi-firmware soc:firmware: Attached to firmware from 2016-05-20 19:01
May 27 11:50:21 raspberrypi kernel: [    0.179206] clocksource: Switched to clocksource arch_sys_counter
May 27 11:50:21 raspberrypi kernel: [    0.224480] FS-Cache: Loaded
May 27 11:50:21 raspberrypi kernel: [    0.224784] CacheFiles: Loaded
May 27 11:50:21 raspberrypi kernel: [    0.236978] NET: Registered protocol family 2
May 27 11:50:21 raspberrypi kernel: [    0.237853] TCP established hash table entries: 8192 (order: 3, 32768 bytes)
May 27 11:50:21 raspberrypi kernel: [    0.237991] TCP bind hash table entries: 8192 (order: 4, 65536 bytes)
May 27 11:50:21 raspberrypi kernel: [    0.238201] TCP: Hash tables configured (established 8192 bind 8192)
May 27 11:50:21 raspberrypi kernel: [    0.238316] UDP hash table entries: 512 (order: 2, 16384 bytes)
May 27 11:50:21 raspberrypi kernel: [    0.238383] UDP-Lite hash table entries: 512 (order: 2, 16384 bytes)
May 27 11:50:21 raspberrypi kernel: [    0.238640] NET: Registered protocol family 1
May 27 11:50:21 raspberrypi kernel: [    0.238972] RPC: Registered named UNIX socket transport module.
May 27 11:50:21 raspberrypi kernel: [    0.239005] RPC: Registered udp transport module.
May 27 11:50:21 raspberrypi kernel: [    0.239032] RPC: Registered tcp transport module.
May 27 11:50:21 raspberrypi kernel: [    0.239060] RPC: Registered tcp NFSv4.1 backchannel transport module.
May 27 11:50:21 raspberrypi kernel: [    0.240159] hw perfevents: enabled with armv7_cortex_a7 PMU driver, 7 counters available
May 27 11:50:21 raspberrypi kernel: [    0.241535] futex hash table entries: 1024 (order: 4, 65536 bytes)
May 27 11:50:21 raspberrypi kernel: [    0.254649] VFS: Disk quotas dquot_6.6.0
May 27 11:50:21 raspberrypi kernel: [    0.254970] VFS: Dquot-cache hash table entries: 1024 (order 0, 4096 bytes)
May 27 11:50:21 raspberrypi kernel: [    0.257281] FS-Cache: Netfs 'nfs' registered for caching
May 27 11:50:21 raspberrypi kernel: [    0.258182] NFS: Registering the id_resolver key type
May 27 11:50:21 raspberrypi kernel: [    0.258255] Key type id_resolver registered
May 27 11:50:21 raspberrypi kernel: [    0.258283] Key type id_legacy registered
May 27 11:50:21 raspberrypi kernel: [    0.260621] Block layer SCSI generic (bsg) driver version 0.4 loaded (major 252)
May 27 11:50:21 raspberrypi kernel: [    0.260783] io scheduler noop registered
May 27 11:50:21 raspberrypi kernel: [    0.260822] io scheduler deadline registered (default)
May 27 11:50:21 raspberrypi kernel: [    0.260895] io scheduler cfq registered
May 27 11:50:21 raspberrypi kernel: [    0.263417] BCM2708FB: allocated DMA memory fac00000
May 27 11:50:21 raspberrypi kernel: [    0.263465] BCM2708FB: allocated DMA channel 0 @ f3007000
May 27 11:50:21 raspberrypi kernel: [    0.279497] Console: switching to colour frame buffer device 170x48
May 27 11:50:21 raspberrypi kernel: [    1.167089] bcm2835-rng 3f104000.rng: hwrng registered
May 27 11:50:21 raspberrypi kernel: [    1.167351] vc-cma: Videocore CMA driver
May 27 11:50:21 raspberrypi kernel: [    1.167434] vc-cma: vc_cma_base      = 0x00000000
May 27 11:50:21 raspberrypi kernel: [    1.167517] vc-cma: vc_cma_size      = 0x00000000 (0 MiB)
May 27 11:50:21 raspberrypi kernel: [    1.167607] vc-cma: vc_cma_initial   = 0x00000000 (0 MiB)
May 27 11:50:21 raspberrypi kernel: [    1.167941] vc-mem: phys_addr:0x00000000 mem_base=0x3dc00000 mem_size:0x3f000000(1008 MiB)
May 27 11:50:21 raspberrypi kernel: [    1.182694] brd: module loaded
May 27 11:50:21 raspberrypi kernel: [    1.191310] loop: module loaded
May 27 11:50:21 raspberrypi kernel: [    1.192281] vchiq: vchiq_init_state: slot_zero = 0xbac80000, is_master = 0
May 27 11:50:21 raspberrypi kernel: [    1.193818] Loading iSCSI transport class v2.0-870.
May 27 11:50:21 raspberrypi kernel: [    1.194540] usbcore: registered new interface driver smsc95xx
May 27 11:50:21 raspberrypi kernel: [    1.194677] dwc_otg: version 3.00a 10-AUG-2012 (platform bus)
May 27 11:50:21 raspberrypi kernel: [    1.395009] Core Release: 2.80a
May 27 11:50:21 raspberrypi kernel: [    1.397961] Setting default values for core params
May 27 11:50:21 raspberrypi kernel: [    1.400979] Finished setting default values for core params
May 27 11:50:21 raspberrypi kernel: [    1.604336] Using Buffer DMA mode
May 27 11:50:21 raspberrypi kernel: [    1.607290] Periodic Transfer Interrupt Enhancement - disabled
May 27 11:50:21 raspberrypi kernel: [    1.610277] Multiprocessor Interrupt Enhancement - disabled
May 27 11:50:21 raspberrypi kernel: [    1.613251] OTG VER PARAM: 0, OTG VER FLAG: 0
May 27 11:50:21 raspberrypi kernel: [    1.616203] Dedicated Tx FIFOs mode
May 27 11:50:21 raspberrypi kernel: [    1.619466] WARN::dwc_otg_hcd_init:1047: FIQ DMA bounce buffers: virt = 0xbac14000 dma = 0xfac14000 len=9024
May 27 11:50:21 raspberrypi kernel: [    1.622540] FIQ FSM acceleration enabled for :
May 27 11:50:21 raspberrypi kernel: [    1.622540] Non-periodic Split Transactions
May 27 11:50:21 raspberrypi kernel: [    1.622540] Periodic Split Transactions
May 27 11:50:21 raspberrypi kernel: [    1.622540] High-Speed Isochronous Endpoints
May 27 11:50:21 raspberrypi kernel: [    1.622540] Interrupt/Control Split Transaction hack enabled
May 27 11:50:21 raspberrypi kernel: [    1.637783] WARN::hcd_init_fiq:413: FIQ on core 1 at 0x804464e4
May 27 11:50:21 raspberrypi kernel: [    1.640826] WARN::hcd_init_fiq:414: FIQ ASM at 0x80446854 length 36
May 27 11:50:21 raspberrypi kernel: [    1.643824] WARN::hcd_init_fiq:439: MPHI regs_base at 0xbc09a000
May 27 11:50:21 raspberrypi kernel: [    1.646841] dwc_otg 3f980000.usb: DWC OTG Controller
May 27 11:50:21 raspberrypi kernel: [    1.649832] dwc_otg 3f980000.usb: new USB bus registered, assigned bus number 1
May 27 11:50:21 raspberrypi kernel: [    1.652816] dwc_otg 3f980000.usb: irq 62, io mem 0x00000000
May 27 11:50:21 raspberrypi kernel: [    1.655793] Init: Port Power? op_state=1
May 27 11:50:21 raspberrypi kernel: [    1.658708] Init: Power Port (0)
May 27 11:50:21 raspberrypi kernel: [    1.661823] usb usb1: New USB device found, idVendor=1d6b, idProduct=0002
May 27 11:50:21 raspberrypi kernel: [    1.664784] usb usb1: New USB device strings: Mfr=3, Product=2, SerialNumber=1
May 27 11:50:21 raspberrypi kernel: [    1.667706] usb usb1: Product: DWC OTG Controller
May 27 11:50:21 raspberrypi kernel: [    1.670629] usb usb1: Manufacturer: Linux 4.4.11-v7+ dwc_otg_hcd
May 27 11:50:21 raspberrypi kernel: [    1.673574] usb usb1: SerialNumber: 3f980000.usb
May 27 11:50:21 raspberrypi kernel: [    1.677307] hub 1-0:1.0: USB hub found
May 27 11:50:21 raspberrypi kernel: [    1.680281] hub 1-0:1.0: 1 port detected
May 27 11:50:21 raspberrypi kernel: [    1.684124] usbcore: registered new interface driver usb-storage
May 27 11:50:21 raspberrypi kernel: [    1.687336] mousedev: PS/2 mouse device common for all mice
May 27 11:50:21 raspberrypi kernel: [    1.690995] bcm2835-cpufreq: min=600000 max=1200000
May 27 11:50:21 raspberrypi kernel: [    1.694213] sdhci: Secure Digital Host Controller Interface driver
May 27 11:50:21 raspberrypi kernel: [    1.697190] sdhci: Copyright(c) Pierre Ossman
May 27 11:50:21 raspberrypi kernel: [    1.700522] sdhost: log_buf @ bac13000 (fac13000)
May 27 11:50:21 raspberrypi kernel: [    1.779326] mmc0: sdhost-bcm2835 loaded - DMA enabled (>1)
May 27 11:50:21 raspberrypi kernel: [    1.784602] mmc-bcm2835 3f300000.mmc: mmc_debug:0 mmc_debug2:0
May 27 11:50:21 raspberrypi kernel: [    1.787588] mmc-bcm2835 3f300000.mmc: DMA channel allocated
May 27 11:50:21 raspberrypi kernel: [    1.839319] sdhci-pltfm: SDHCI platform and OF driver helper
May 27 11:50:21 raspberrypi kernel: [    1.842705] ledtrig-cpu: registered to indicate activity on CPUs
May 27 11:50:21 raspberrypi kernel: [    1.845783] hidraw: raw HID events driver (C) Jiri Kosina
May 27 11:50:21 raspberrypi kernel: [    1.848922] usbcore: registered new interface driver usbhid
May 27 11:50:21 raspberrypi kernel: [    1.851897] usbhid: USB HID core driver
May 27 11:50:21 raspberrypi kernel: [    1.855368] Initializing XFRM netlink socket
May 27 11:50:21 raspberrypi kernel: [    1.858324] NET: Registered protocol family 17
May 27 11:50:21 raspberrypi kernel: [    1.861367] Key type dns_resolver registered
May 27 11:50:21 raspberrypi kernel: [    1.864754] Registering SWP/SWPB emulation handler
May 27 11:50:21 raspberrypi kernel: [    1.868459] registered taskstats version 1
May 27 11:50:21 raspberrypi kernel: [    1.871524] vc-sm: Videocore shared memory driver
May 27 11:50:21 raspberrypi kernel: [    1.874381] [vc_sm_connected_init]: start
May 27 11:50:21 raspberrypi kernel: [    1.878269] [vc_sm_connected_init]: end - returning 0
May 27 11:50:21 raspberrypi kernel: [    1.880300] mmc0: host does not support reading read-only switch, assuming write-enable
May 27 11:50:21 raspberrypi kernel: [    1.882918] mmc0: new high speed SDHC card at address aaaa
May 27 11:50:21 raspberrypi kernel: [    1.883479] mmcblk0: mmc0:aaaa SL16G 14.8 GiB
May 27 11:50:21 raspberrypi kernel: [    1.885657]  mmcblk0: p1 p2
May 27 11:50:21 raspberrypi kernel: [    1.892368] Indeed it is in host mode hprt0 = 00021501
May 27 11:50:21 raspberrypi kernel: [    1.895456] 3f201000.uart: ttyAMA0 at MMIO 0x3f201000 (irq = 87, base_baud = 0) is a PL011 rev2
May 27 11:50:21 raspberrypi kernel: [    1.898756] of_cfs_init
May 27 11:50:21 raspberrypi kernel: [    1.901788] of_cfs_init: OK
May 27 11:50:21 raspberrypi kernel: [    1.909042] mmc1: queuing unknown CIS tuple 0x80 (2 bytes)
May 27 11:50:21 raspberrypi kernel: [    1.913635] mmc1: queuing unknown CIS tuple 0x80 (3 bytes)
May 27 11:50:21 raspberrypi kernel: [    1.918061] mmc1: queuing unknown CIS tuple 0x80 (3 bytes)
May 27 11:50:21 raspberrypi kernel: [    1.923679] mmc1: queuing unknown CIS tuple 0x80 (7 bytes)
May 27 11:50:21 raspberrypi kernel: [    1.931958] EXT4-fs (mmcblk0p2): mounted filesystem with ordered data mode. Opts: (null)
May 27 11:50:21 raspberrypi kernel: [    1.934856] VFS: Mounted root (ext4 filesystem) readonly on device 179:2.
May 27 11:50:21 raspberrypi kernel: [    1.941610] devtmpfs: mounted
May 27 11:50:21 raspberrypi kernel: [    1.945198] Freeing unused kernel memory: 476K (807e7000 - 8085e000)
May 27 11:50:21 raspberrypi kernel: [    2.029556] mmc1: new high speed SDIO card at address 0001
May 27 11:50:21 raspberrypi kernel: [    2.069255] usb 1-1: new high-speed USB device number 2 using dwc_otg
May 27 11:50:21 raspberrypi kernel: [    2.072287] Indeed it is in host mode hprt0 = 00001101
May 27 11:50:21 raspberrypi kernel: [    2.169819] random: systemd urandom read with 28 bits of entropy available
May 27 11:50:21 raspberrypi kernel: [    2.269534] usb 1-1: New USB device found, idVendor=0424, idProduct=9514
May 27 11:50:21 raspberrypi kernel: [    2.272721] usb 1-1: New USB device strings: Mfr=0, Product=0, SerialNumber=0
May 27 11:50:21 raspberrypi kernel: [    2.276649] hub 1-1:1.0: USB hub found
May 27 11:50:21 raspberrypi kernel: [    2.279899] hub 1-1:1.0: 5 ports detected
May 27 11:50:21 raspberrypi kernel: [    2.316601] NET: Registered protocol family 10
May 27 11:50:21 raspberrypi kernel: [    2.559262] usb 1-1.1: new high-speed USB device number 3 using dwc_otg
May 27 11:50:21 raspberrypi kernel: [    2.659576] usb 1-1.1: New USB device found, idVendor=0424, idProduct=ec00
May 27 11:50:21 raspberrypi kernel: [    2.662755] usb 1-1.1: New USB device strings: Mfr=0, Product=0, SerialNumber=0
May 27 11:50:21 raspberrypi kernel: [    2.668848] smsc95xx v1.0.4
May 27 11:50:21 raspberrypi kernel: [    2.732753] smsc95xx 1-1.1:1.0 eth0: register 'smsc95xx' at usb-3f980000.usb-1.1, smsc95xx USB 2.0 Ethernet, b8:27:eb:45:a1:d8
May 27 11:50:21 raspberrypi kernel: [    2.809245] usb 1-1.2: new low-speed USB device number 4 using dwc_otg
May 27 11:50:21 raspberrypi kernel: [    2.952044] usb 1-1.2: New USB device found, idVendor=413c, idProduct=3010
May 27 11:50:21 raspberrypi kernel: [    2.958932] usb 1-1.2: New USB device strings: Mfr=0, Product=0, SerialNumber=0
May 27 11:50:21 raspberrypi kernel: [    2.971569] input: HID 413c:3010 as /devices/platform/soc/3f980000.usb/usb1/1-1/1-1.2/1-1.2:1.0/0003:413C:3010.0001/input/input0
May 27 11:50:21 raspberrypi kernel: [    2.975518] hid-generic 0003:413C:3010.0001: input,hidraw0: USB HID v1.00 Mouse [HID 413c:3010] on usb-3f980000.usb-1.2/input0
May 27 11:50:21 raspberrypi kernel: [    3.069321] usb 1-1.3: new low-speed USB device number 5 using dwc_otg
May 27 11:50:21 raspberrypi kernel: [    3.096938] fuse init (API version 7.23)
May 27 11:50:21 raspberrypi kernel: [    3.132921] i2c /dev entries driver
May 27 11:50:21 raspberrypi kernel: [    3.205541] usb 1-1.3: New USB device found, idVendor=04f2, idProduct=0841
May 27 11:50:21 raspberrypi kernel: [    3.209446] usb 1-1.3: New USB device strings: Mfr=1, Product=2, SerialNumber=0
May 27 11:50:21 raspberrypi kernel: [    3.213248] usb 1-1.3: Product: HP USB Multimedia Keyboard
May 27 11:50:21 raspberrypi kernel: [    3.217023] usb 1-1.3: Manufacturer: CHICONY
May 27 11:50:21 raspberrypi kernel: [    3.230926] input: CHICONY HP USB Multimedia Keyboard as /devices/platform/soc/3f980000.usb/usb1/1-1/1-1.3/1-1.3:1.0/0003:04F2:0841.0002/input/input1
May 27 11:50:21 raspberrypi kernel: [    3.290089] hid-generic 0003:04F2:0841.0002: input,hidraw1: USB HID v1.11 Keyboard [CHICONY HP USB Multimedia Keyboard] on usb-3f980000.usb-1.3/input0
May 27 11:50:21 raspberrypi kernel: [    3.311228] input: CHICONY HP USB Multimedia Keyboard as /devices/platform/soc/3f980000.usb/usb1/1-1/1-1.3/1-1.3:1.1/0003:04F2:0841.0003/input/input2
May 27 11:50:21 raspberrypi kernel: [    3.369805] hid-generic 0003:04F2:0841.0003: input,hiddev0,hidraw2: USB HID v1.11 Device [CHICONY HP USB Multimedia Keyboard] on usb-3f980000.usb-1.3/input1
May 27 11:50:21 raspberrypi kernel: [    3.469251] usb 1-1.5: new high-speed USB device number 6 using dwc_otg
May 27 11:50:21 raspberrypi kernel: [    3.586621] usb 1-1.5: New USB device found, idVendor=148f, idProduct=3070
May 27 11:50:21 raspberrypi kernel: [    3.586642] usb 1-1.5: New USB device strings: Mfr=1, Product=2, SerialNumber=3
May 27 11:50:21 raspberrypi kernel: [    3.586655] usb 1-1.5: Product: 802.11 n WLAN
May 27 11:50:21 raspberrypi kernel: [    3.586667] usb 1-1.5: Manufacturer: Ralink
May 27 11:50:21 raspberrypi kernel: [    3.586679] usb 1-1.5: SerialNumber: 1.0
May 27 11:50:21 raspberrypi kernel: [    4.254888] bcm2835-wdt 3f100000.watchdog: Broadcom BCM2835 watchdog timer
May 27 11:50:21 raspberrypi kernel: [    4.265734] gpiomem-bcm2835 3f200000.gpiomem: Initialised: Registers at 0x3f200000
May 27 11:50:21 raspberrypi kernel: [    4.294531] EXT4-fs (mmcblk0p2): re-mounted. Opts: (null)
May 27 11:50:21 raspberrypi kernel: [    4.488914] usbcore: registered new interface driver brcmfmac
May 27 11:50:21 raspberrypi kernel: [    4.609696] random: nonblocking pool is initialized
May 27 11:50:21 raspberrypi kernel: [    4.736850] cfg80211: World regulatory domain updated:
May 27 11:50:21 raspberrypi kernel: [    4.736862] cfg80211:  DFS Master region: unset
May 27 11:50:21 raspberrypi kernel: [    4.736872] cfg80211:   (start_freq - end_freq @ bandwidth), (max_antenna_gain, max_eirp), (dfs_cac_time)
May 27 11:50:21 raspberrypi kernel: [    4.736891] cfg80211:   (2402000 KHz - 2472000 KHz @ 40000 KHz), (N/A, 2000 mBm), (N/A)
May 27 11:50:21 raspberrypi kernel: [    4.736909] cfg80211:   (2457000 KHz - 2482000 KHz @ 40000 KHz), (N/A, 2000 mBm), (N/A)
May 27 11:50:21 raspberrypi kernel: [    4.736923] cfg80211:   (2474000 KHz - 2494000 KHz @ 20000 KHz), (N/A, 2000 mBm), (N/A)
May 27 11:50:21 raspberrypi kernel: [    4.736953] cfg80211:   (5170000 KHz - 5250000 KHz @ 80000 KHz, 160000 KHz AUTO), (N/A, 2000 mBm), (N/A)
May 27 11:50:21 raspberrypi kernel: [    4.736992] cfg80211:   (5250000 KHz - 5330000 KHz @ 80000 KHz, 160000 KHz AUTO), (N/A, 2000 mBm), (0 s)
May 27 11:50:21 raspberrypi kernel: [    4.737031] cfg80211:   (5490000 KHz - 5730000 KHz @ 160000 KHz), (N/A, 2000 mBm), (0 s)
May 27 11:50:21 raspberrypi kernel: [    4.737060] cfg80211:   (5735000 KHz - 5835000 KHz @ 80000 KHz), (N/A, 2000 mBm), (N/A)
May 27 11:50:21 raspberrypi kernel: [    4.737082] cfg80211:   (57240000 KHz - 63720000 KHz @ 2160000 KHz), (N/A, 0 mBm), (N/A)
May 27 11:50:21 raspberrypi kernel: [    5.679256] usb 1-1.5: reset high-speed USB device number 6 using dwc_otg
May 27 11:50:21 raspberrypi kernel: [    5.789728] ieee80211 phy1: rt2x00_set_rt: Info - RT chipset 3070, rev 0201 detected
May 27 11:50:21 raspberrypi kernel: [    5.806899] ieee80211 phy1: rt2x00_set_rf: Info - RF chipset 0005 detected
May 27 11:50:21 raspberrypi kernel: [    5.826340] usbcore: registered new interface driver rt2800usb
May 27 11:50:21 raspberrypi kernel: [    6.189668] IPv6: ADDRCONF(NETDEV_UP): wlan0: link is not ready
May 27 11:50:21 raspberrypi kernel: [    6.189717] brcmfmac: power management disabled
May 27 11:50:21 raspberrypi kernel: [    6.201764] ieee80211 phy1: rt2x00lib_request_firmware: Info - Loading firmware file 'rt2870.bin'
May 27 11:50:21 raspberrypi kernel: [    6.206136] ieee80211 phy1: rt2x00lib_request_firmware: Info - Firmware detected - version: 0.29
May 27 11:50:21 raspberrypi kernel: [    6.565736] IPv6: ADDRCONF(NETDEV_UP): wlan1: link is not ready
May 27 11:50:21 raspberrypi kernel: [    6.740175] uart-pl011 3f201000.uart: no DMA platform data
May 27 11:50:21 raspberrypi kernel: [    7.104941] cfg80211: Regulatory domain changed to country: GB
May 27 11:50:21 raspberrypi kernel: [    7.104964] cfg80211:  DFS Master region: ETSI
May 27 11:50:21 raspberrypi kernel: [    7.104973] cfg80211:   (start_freq - end_freq @ bandwidth), (max_antenna_gain, max_eirp), (dfs_cac_time)
May 27 11:50:21 raspberrypi kernel: [    7.104987] cfg80211:   (2402000 KHz - 2482000 KHz @ 40000 KHz), (N/A, 2000 mBm), (N/A)
May 27 11:50:21 raspberrypi kernel: [    7.105002] cfg80211:   (5170000 KHz - 5250000 KHz @ 80000 KHz, 160000 KHz AUTO), (N/A, 2000 mBm), (N/A)
May 27 11:50:21 raspberrypi kernel: [    7.105018] cfg80211:   (5250000 KHz - 5330000 KHz @ 80000 KHz, 160000 KHz AUTO), (N/A, 2000 mBm), (0 s)
May 27 11:50:21 raspberrypi kernel: [    7.105031] cfg80211:   (5490000 KHz - 5710000 KHz @ 160000 KHz), (N/A, 2700 mBm), (0 s)
May 27 11:50:21 raspberrypi kernel: [    7.105043] cfg80211:   (57000000 KHz - 66000000 KHz @ 2160000 KHz), (N/A, 4000 mBm), (N/A)
May 27 11:50:21 raspberrypi kernel: [    7.167874] Adding 102396k swap on /var/swap.  Priority:-1 extents:1 across:102396k SSFS
May 27 11:50:21 raspberrypi kernel: [    7.474842] smsc95xx 1-1.1:1.0 eth0: hardware isn't capable of remote wakeup
May 27 11:50:21 raspberrypi kernel: [    7.475311] IPv6: ADDRCONF(NETDEV_UP): eth0: link is not ready
May 27 11:50:25 raspberrypi kernel: [   11.466462] Bluetooth: Core ver 2.21
May 27 11:50:25 raspberrypi kernel: [   11.466567] NET: Registered protocol family 31
May 27 11:50:25 raspberrypi kernel: [   11.466578] Bluetooth: HCI device and connection manager initialized
May 27 11:50:25 raspberrypi kernel: [   11.467408] Bluetooth: HCI socket layer initialized
May 27 11:50:25 raspberrypi kernel: [   11.467432] Bluetooth: L2CAP socket layer initialized
May 27 11:50:25 raspberrypi kernel: [   11.467471] Bluetooth: SCO socket layer initialized
May 27 11:50:25 raspberrypi kernel: [   11.490862] Bluetooth: HCI UART driver ver 2.3
May 27 11:50:25 raspberrypi kernel: [   11.490883] Bluetooth: HCI UART protocol H4 registered
May 27 11:50:25 raspberrypi kernel: [   11.490893] Bluetooth: HCI UART protocol Three-wire (H5) registered
May 27 11:50:25 raspberrypi kernel: [   11.491077] Bluetooth: HCI UART protocol BCM registered
May 27 11:50:25 raspberrypi kernel: [   11.830761] Bluetooth: BNEP (Ethernet Emulation) ver 1.3
May 27 11:50:25 raspberrypi kernel: [   11.830778] Bluetooth: BNEP filters: protocol multicast
May 27 11:50:25 raspberrypi kernel: [   11.830802] Bluetooth: BNEP socket layer initialized
May 27 11:50:29 raspberrypi rsyslogd-2007: action 'action 17' suspended, next retry is Fri May 27 11:50:59 2016 [try http://www.rsyslog.com/e/2007 ]
May 27 11:50:29 raspberrypi org.gtk.Private.AfcVolumeMonitor[779]: Volume monitor alive
May 27 11:51:25 raspberrypi rsyslogd-2007: action 'action 17' suspended, next retry is Fri May 27 11:51:55 2016 [try http://www.rsyslog.com/e/2007 ]
May 27 11:53:27 raspberrypi rsyslogd-2007: action 'action 17' suspended, next retry is Fri May 27 11:53:57 2016 [try http://www.rsyslog.com/e/2007 ]
May 27 11:55:21 raspberrypi rsyslogd-2007: action 'action 17' suspended, next retry is Fri May 27 11:55:51 2016 [try http://www.rsyslog.com/e/2007 ]
May 27 11:57:25 raspberrypi kernel: [  431.462737] usb 1-1.5: USB disconnect, device number 6
May 27 11:57:25 raspberrypi rsyslogd-2007: action 'action 17' suspended, next retry is Fri May 27 11:57:55 2016 [try http://www.rsyslog.com/e/2007 ]
May 27 11:59:09 raspberrypi rsyslogd-2007: action 'action 17' suspended, next retry is Fri May 27 11:59:39 2016 [try http://www.rsyslog.com/e/2007 ]
May 27 12:01:07 raspberrypi rsyslogd-2007: action 'action 17' suspended, next retry is Fri May 27 12:01:37 2016 [try http://www.rsyslog.com/e/2007 ]
May 27 12:01:08 raspberrypi rsyslogd: [origin software="rsyslogd" swVersion="8.4.2" x-pid="566" x-info="http://www.rsyslog.com"] exiting on signal 15.
May 27 12:01:12 raspberrypi rsyslogd: [origin software="rsyslogd" swVersion="8.4.2" x-pid="499" x-info="http://www.rsyslog.com"] start
May 27 12:01:12 raspberrypi kernel: [    0.000000] Booting Linux on physical CPU 0x0
May 27 12:01:12 raspberrypi kernel: [    0.000000] Initializing cgroup subsys cpuset
May 27 12:01:12 raspberrypi kernel: [    0.000000] Initializing cgroup subsys cpu
May 27 12:01:12 raspberrypi kernel: [    0.000000] Initializing cgroup subsys cpuacct
May 27 12:01:12 raspberrypi kernel: [    0.000000] Linux version 4.4.11-v7+ (dc4@dc4-XPS13-9333) (gcc version 4.9.3 (crosstool-NG crosstool-ng-1.22.0-88-g8460611) ) #888 SMP Mon May 23 20:10:33 BST 2016
May 27 12:01:12 raspberrypi kernel: [    0.000000] CPU: ARMv7 Processor [410fd034] revision 4 (ARMv7), cr=10c5383d
May 27 12:01:12 raspberrypi kernel: [    0.000000] CPU: PIPT / VIPT nonaliasing data cache, VIPT aliasing instruction cache
May 27 12:01:12 raspberrypi kernel: [    0.000000] Machine model: Raspberry Pi 3 Model B Rev 1.2
May 27 12:01:12 raspberrypi kernel: [    0.000000] cma: Reserved 8 MiB at 0x3a800000
May 27 12:01:12 raspberrypi kernel: [    0.000000] Memory policy: Data cache writealloc
May 27 12:01:12 raspberrypi kernel: [    0.000000] [bcm2709_smp_init_cpus] enter (9520->f3003010)
May 27 12:01:12 raspberrypi kernel: [    0.000000] [bcm2709_smp_init_cpus] ncores=4
May 27 12:01:12 raspberrypi kernel: [    0.000000] PERCPU: Embedded 13 pages/cpu @b9f62000 s22592 r8192 d22464 u53248
May 27 12:01:12 raspberrypi kernel: [    0.000000] Built 1 zonelists in Zone order, mobility grouping on.  Total pages: 239540
May 27 12:01:12 raspberrypi kernel: [    0.000000] Kernel command line: 8250.nr_uarts=0 dma.dmachans=0x7f35 bcm2708_fb.fbwidth=1360 bcm2708_fb.fbheight=768 bcm2709.boardrev=0xa22082 bcm2709.serial=0x7c45a1d8 smsc95xx.macaddr=B8:27:EB:45:A1:D8 bcm2708_fb.fbswap=1 bcm2709.uart_clock=48000000 vc_mem.mem_base=0x3dc00000 vc_mem.mem_size=0x3f000000  dwc_otg.lpm_enable=0 console=ttyS0,115200 console=tty1 root=/dev/mmcblk0p2 rootfstype=ext4 elevator=deadline fsck.repair=yes rootwait
May 27 12:01:12 raspberrypi kernel: [    0.000000] PID hash table entries: 4096 (order: 2, 16384 bytes)
May 27 12:01:12 raspberrypi kernel: [    0.000000] Dentry cache hash table entries: 131072 (order: 7, 524288 bytes)
May 27 12:01:12 raspberrypi kernel: [    0.000000] Inode-cache hash table entries: 65536 (order: 6, 262144 bytes)
May 27 12:01:12 raspberrypi kernel: [    0.000000] Memory: 939080K/966656K available (6344K kernel code, 432K rwdata, 1712K rodata, 476K init, 764K bss, 19384K reserved, 8192K cma-reserved)
May 27 12:01:12 raspberrypi kernel: [    0.000000] Virtual kernel memory layout:
May 27 12:01:12 raspberrypi kernel: [    0.000000]     vector  : 0xffff0000 - 0xffff1000   (   4 kB)
May 27 12:01:12 raspberrypi kernel: [    0.000000]     fixmap  : 0xffc00000 - 0xfff00000   (3072 kB)
May 27 12:01:12 raspberrypi kernel: [    0.000000]     vmalloc : 0xbb800000 - 0xff800000   (1088 MB)
May 27 12:01:12 raspberrypi kernel: [    0.000000]     lowmem  : 0x80000000 - 0xbb000000   ( 944 MB)
May 27 12:01:12 raspberrypi kernel: [    0.000000]     modules : 0x7f000000 - 0x80000000   (  16 MB)
May 27 12:01:12 raspberrypi kernel: [    0.000000]       .text : 0x80008000 - 0x807e6420   (8058 kB)
May 27 12:01:12 raspberrypi kernel: [    0.000000]       .init : 0x807e7000 - 0x8085e000   ( 476 kB)
May 27 12:01:12 raspberrypi kernel: [    0.000000]       .data : 0x8085e000 - 0x808ca0c8   ( 433 kB)
May 27 12:01:12 raspberrypi kernel: [    0.000000]        .bss : 0x808cd000 - 0x8098c1ac   ( 765 kB)
May 27 12:01:12 raspberrypi kernel: [    0.000000] SLUB: HWalign=64, Order=0-3, MinObjects=0, CPUs=4, Nodes=1
May 27 12:01:12 raspberrypi kernel: [    0.000000] Hierarchical RCU implementation.
May 27 12:01:12 raspberrypi kernel: [    0.000000] 	Build-time adjustment of leaf fanout to 32.
May 27 12:01:12 raspberrypi kernel: [    0.000000] NR_IRQS:16 nr_irqs:16 16
May 27 12:01:12 raspberrypi kernel: [    0.000000] Architected cp15 timer(s) running at 19.20MHz (phys).
May 27 12:01:12 raspberrypi kernel: [    0.000000] clocksource: arch_sys_counter: mask: 0xffffffffffffff max_cycles: 0x46d987e47, max_idle_ns: 440795202767 ns
May 27 12:01:12 raspberrypi kernel: [    0.000008] sched_clock: 56 bits at 19MHz, resolution 52ns, wraps every 4398046511078ns
May 27 12:01:12 raspberrypi kernel: [    0.000025] Switching to timer-based delay loop, resolution 52ns
May 27 12:01:12 raspberrypi kernel: [    0.000288] Console: colour dummy device 80x30
May 27 12:01:12 raspberrypi kernel: [    0.001337] console [tty1] enabled
May 27 12:01:12 raspberrypi kernel: [    0.001382] Calibrating delay loop (skipped), value calculated using timer frequency.. 38.40 BogoMIPS (lpj=192000)
May 27 12:01:12 raspberrypi kernel: [    0.001451] pid_max: default: 32768 minimum: 301
May 27 12:01:12 raspberrypi kernel: [    0.001787] Mount-cache hash table entries: 2048 (order: 1, 8192 bytes)
May 27 12:01:12 raspberrypi kernel: [    0.001829] Mountpoint-cache hash table entries: 2048 (order: 1, 8192 bytes)
May 27 12:01:12 raspberrypi kernel: [    0.002783] Disabling cpuset control group subsystem
May 27 12:01:12 raspberrypi kernel: [    0.002839] Initializing cgroup subsys io
May 27 12:01:12 raspberrypi kernel: [    0.002890] Initializing cgroup subsys memory
May 27 12:01:12 raspberrypi kernel: [    0.002951] Initializing cgroup subsys devices
May 27 12:01:12 raspberrypi kernel: [    0.002994] Initializing cgroup subsys freezer
May 27 12:01:12 raspberrypi kernel: [    0.003037] Initializing cgroup subsys net_cls
May 27 12:01:12 raspberrypi kernel: [    0.003107] CPU: Testing write buffer coherency: ok
May 27 12:01:12 raspberrypi kernel: [    0.003193] ftrace: allocating 21205 entries in 63 pages
May 27 12:01:12 raspberrypi kernel: [    0.051810] CPU0: update cpu_capacity 1024
May 27 12:01:12 raspberrypi kernel: [    0.051872] CPU0: thread -1, cpu 0, socket 0, mpidr 80000000
May 27 12:01:12 raspberrypi kernel: [    0.051905] [bcm2709_smp_prepare_cpus] enter
May 27 12:01:12 raspberrypi kernel: [    0.052054] Setting up static identity map for 0x8240 - 0x8274
May 27 12:01:12 raspberrypi kernel: [    0.053717] [bcm2709_boot_secondary] cpu:1 started (0) 18
May 27 12:01:12 raspberrypi kernel: [    0.054077] [bcm2709_secondary_init] enter cpu:1
May 27 12:01:12 raspberrypi kernel: [    0.054120] CPU1: update cpu_capacity 1024
May 27 12:01:12 raspberrypi kernel: [    0.054126] CPU1: thread -1, cpu 1, socket 0, mpidr 80000001
May 27 12:01:12 raspberrypi kernel: [    0.054503] [bcm2709_boot_secondary] cpu:2 started (0) 17
May 27 12:01:12 raspberrypi kernel: [    0.054761] [bcm2709_secondary_init] enter cpu:2
May 27 12:01:12 raspberrypi kernel: [    0.054782] CPU2: update cpu_capacity 1024
May 27 12:01:12 raspberrypi kernel: [    0.054788] CPU2: thread -1, cpu 2, socket 0, mpidr 80000002
May 27 12:01:12 raspberrypi kernel: [    0.055148] [bcm2709_boot_secondary] cpu:3 started (0) 18
May 27 12:01:12 raspberrypi kernel: [    0.055330] [bcm2709_secondary_init] enter cpu:3
May 27 12:01:12 raspberrypi kernel: [    0.055350] CPU3: update cpu_capacity 1024
May 27 12:01:12 raspberrypi kernel: [    0.055356] CPU3: thread -1, cpu 3, socket 0, mpidr 80000003
May 27 12:01:12 raspberrypi kernel: [    0.055417] Brought up 4 CPUs
May 27 12:01:12 raspberrypi kernel: [    0.055514] SMP: Total of 4 processors activated (153.60 BogoMIPS).
May 27 12:01:12 raspberrypi kernel: [    0.055543] CPU: All CPU(s) started in HYP mode.
May 27 12:01:12 raspberrypi kernel: [    0.055569] CPU: Virtualization extensions available.
May 27 12:01:12 raspberrypi kernel: [    0.056198] devtmpfs: initialized
May 27 12:01:12 raspberrypi kernel: [    0.066300] VFP support v0.3: implementor 41 architecture 3 part 40 variant 3 rev 4
May 27 12:01:12 raspberrypi kernel: [    0.066660] clocksource: jiffies: mask: 0xffffffff max_cycles: 0xffffffff, max_idle_ns: 19112604462750000 ns
May 27 12:01:12 raspberrypi kernel: [    0.067418] pinctrl core: initialized pinctrl subsystem
May 27 12:01:12 raspberrypi kernel: [    0.067973] NET: Registered protocol family 16
May 27 12:01:12 raspberrypi kernel: [    0.073155] DMA: preallocated 4096 KiB pool for atomic coherent allocations
May 27 12:01:12 raspberrypi kernel: [    0.079902] hw-breakpoint: found 5 (+1 reserved) breakpoint and 4 watchpoint registers.
May 27 12:01:12 raspberrypi kernel: [    0.079951] hw-breakpoint: maximum watchpoint size is 8 bytes.
May 27 12:01:12 raspberrypi kernel: [    0.080132] Serial: AMBA PL011 UART driver
May 27 12:01:12 raspberrypi kernel: [    0.080284] uart-pl011 3f201000.uart: could not find pctldev for node /soc/gpio@7e200000/uart0_pins, deferring probe
May 27 12:01:12 raspberrypi kernel: [    0.080490] bcm2835-mbox 3f00b880.mailbox: mailbox enabled
May 27 12:01:12 raspberrypi kernel: [    0.142499] bcm2835-dma 3f007000.dma: DMA legacy API manager at f3007000, dmachans=0x1
May 27 12:01:12 raspberrypi kernel: [    0.144178] SCSI subsystem initialized
May 27 12:01:12 raspberrypi kernel: [    0.144373] usbcore: registered new interface driver usbfs
May 27 12:01:12 raspberrypi kernel: [    0.144483] usbcore: registered new interface driver hub
May 27 12:01:12 raspberrypi kernel: [    0.144601] usbcore: registered new device driver usb
May 27 12:01:12 raspberrypi kernel: [    0.151366] raspberrypi-firmware soc:firmware: Attached to firmware from 2016-05-20 19:01
May 27 12:01:12 raspberrypi kernel: [    0.178637] clocksource: Switched to clocksource arch_sys_counter
May 27 12:01:12 raspberrypi kernel: [    0.224023] FS-Cache: Loaded
May 27 12:01:12 raspberrypi kernel: [    0.224325] CacheFiles: Loaded
May 27 12:01:12 raspberrypi kernel: [    0.236559] NET: Registered protocol family 2
May 27 12:01:12 raspberrypi kernel: [    0.237436] TCP established hash table entries: 8192 (order: 3, 32768 bytes)
May 27 12:01:12 raspberrypi kernel: [    0.237574] TCP bind hash table entries: 8192 (order: 4, 65536 bytes)
May 27 12:01:12 raspberrypi kernel: [    0.237784] TCP: Hash tables configured (established 8192 bind 8192)
May 27 12:01:12 raspberrypi kernel: [    0.237897] UDP hash table entries: 512 (order: 2, 16384 bytes)
May 27 12:01:12 raspberrypi kernel: [    0.237964] UDP-Lite hash table entries: 512 (order: 2, 16384 bytes)
May 27 12:01:12 raspberrypi kernel: [    0.238223] NET: Registered protocol family 1
May 27 12:01:12 raspberrypi kernel: [    0.238556] RPC: Registered named UNIX socket transport module.
May 27 12:01:12 raspberrypi kernel: [    0.238589] RPC: Registered udp transport module.
May 27 12:01:12 raspberrypi kernel: [    0.238616] RPC: Registered tcp transport module.
May 27 12:01:12 raspberrypi kernel: [    0.238675] RPC: Registered tcp NFSv4.1 backchannel transport module.
May 27 12:01:12 raspberrypi kernel: [    0.239698] hw perfevents: enabled with armv7_cortex_a7 PMU driver, 7 counters available
May 27 12:01:12 raspberrypi kernel: [    0.241073] futex hash table entries: 1024 (order: 4, 65536 bytes)
May 27 12:01:12 raspberrypi kernel: [    0.254223] VFS: Disk quotas dquot_6.6.0
May 27 12:01:12 raspberrypi kernel: [    0.254545] VFS: Dquot-cache hash table entries: 1024 (order 0, 4096 bytes)
May 27 12:01:12 raspberrypi kernel: [    0.256856] FS-Cache: Netfs 'nfs' registered for caching
May 27 12:01:12 raspberrypi kernel: [    0.257753] NFS: Registering the id_resolver key type
May 27 12:01:12 raspberrypi kernel: [    0.257820] Key type id_resolver registered
May 27 12:01:12 raspberrypi kernel: [    0.257848] Key type id_legacy registered
May 27 12:01:12 raspberrypi kernel: [    0.260217] Block layer SCSI generic (bsg) driver version 0.4 loaded (major 252)
May 27 12:01:12 raspberrypi kernel: [    0.260382] io scheduler noop registered
May 27 12:01:12 raspberrypi kernel: [    0.260421] io scheduler deadline registered (default)
May 27 12:01:12 raspberrypi kernel: [    0.260494] io scheduler cfq registered
May 27 12:01:12 raspberrypi kernel: [    0.263016] BCM2708FB: allocated DMA memory fac00000
May 27 12:01:12 raspberrypi kernel: [    0.263063] BCM2708FB: allocated DMA channel 0 @ f3007000
May 27 12:01:12 raspberrypi kernel: [    0.279065] Console: switching to colour frame buffer device 170x48
May 27 12:01:12 raspberrypi kernel: [    1.164642] bcm2835-rng 3f104000.rng: hwrng registered
May 27 12:01:12 raspberrypi kernel: [    1.164898] vc-cma: Videocore CMA driver
May 27 12:01:12 raspberrypi kernel: [    1.164979] vc-cma: vc_cma_base      = 0x00000000
May 27 12:01:12 raspberrypi kernel: [    1.165063] vc-cma: vc_cma_size      = 0x00000000 (0 MiB)
May 27 12:01:12 raspberrypi kernel: [    1.165153] vc-cma: vc_cma_initial   = 0x00000000 (0 MiB)
May 27 12:01:12 raspberrypi kernel: [    1.165487] vc-mem: phys_addr:0x00000000 mem_base=0x3dc00000 mem_size:0x3f000000(1008 MiB)
May 27 12:01:12 raspberrypi kernel: [    1.180119] brd: module loaded
May 27 12:01:12 raspberrypi kernel: [    1.188848] loop: module loaded
May 27 12:01:12 raspberrypi kernel: [    1.189792] vchiq: vchiq_init_state: slot_zero = 0xbac80000, is_master = 0
May 27 12:01:12 raspberrypi kernel: [    1.191356] Loading iSCSI transport class v2.0-870.
May 27 12:01:12 raspberrypi kernel: [    1.192079] usbcore: registered new interface driver smsc95xx
May 27 12:01:12 raspberrypi kernel: [    1.192216] dwc_otg: version 3.00a 10-AUG-2012 (platform bus)
May 27 12:01:12 raspberrypi kernel: [    1.392591] Core Release: 2.80a
May 27 12:01:12 raspberrypi kernel: [    1.395543] Setting default values for core params
May 27 12:01:12 raspberrypi kernel: [    1.398533] Finished setting default values for core params
May 27 12:01:12 raspberrypi kernel: [    1.601922] Using Buffer DMA mode
May 27 12:01:12 raspberrypi kernel: [    1.604870] Periodic Transfer Interrupt Enhancement - disabled
May 27 12:01:12 raspberrypi kernel: [    1.607840] Multiprocessor Interrupt Enhancement - disabled
May 27 12:01:12 raspberrypi kernel: [    1.610820] OTG VER PARAM: 0, OTG VER FLAG: 0
May 27 12:01:12 raspberrypi kernel: [    1.613768] Dedicated Tx FIFOs mode
May 27 12:01:12 raspberrypi kernel: [    1.616987] WARN::dwc_otg_hcd_init:1047: FIQ DMA bounce buffers: virt = 0xbac14000 dma = 0xfac14000 len=9024
May 27 12:01:12 raspberrypi kernel: [    1.620069] FIQ FSM acceleration enabled for :
May 27 12:01:12 raspberrypi kernel: [    1.620069] Non-periodic Split Transactions
May 27 12:01:12 raspberrypi kernel: [    1.620069] Periodic Split Transactions
May 27 12:01:12 raspberrypi kernel: [    1.620069] High-Speed Isochronous Endpoints
May 27 12:01:12 raspberrypi kernel: [    1.620069] Interrupt/Control Split Transaction hack enabled
May 27 12:01:12 raspberrypi kernel: [    1.635269] WARN::hcd_init_fiq:413: FIQ on core 1 at 0x804464e4
May 27 12:01:12 raspberrypi kernel: [    1.638299] WARN::hcd_init_fiq:414: FIQ ASM at 0x80446854 length 36
May 27 12:01:12 raspberrypi kernel: [    1.641287] WARN::hcd_init_fiq:439: MPHI regs_base at 0xbc09a000
May 27 12:01:12 raspberrypi kernel: [    1.644297] dwc_otg 3f980000.usb: DWC OTG Controller
May 27 12:01:12 raspberrypi kernel: [    1.647259] dwc_otg 3f980000.usb: new USB bus registered, assigned bus number 1
May 27 12:01:12 raspberrypi kernel: [    1.650258] dwc_otg 3f980000.usb: irq 62, io mem 0x00000000
May 27 12:01:12 raspberrypi kernel: [    1.653222] Init: Port Power? op_state=1
May 27 12:01:12 raspberrypi kernel: [    1.656128] Init: Power Port (0)
May 27 12:01:12 raspberrypi kernel: [    1.659232] usb usb1: New USB device found, idVendor=1d6b, idProduct=0002
May 27 12:01:12 raspberrypi kernel: [    1.662181] usb usb1: New USB device strings: Mfr=3, Product=2, SerialNumber=1
May 27 12:01:12 raspberrypi kernel: [    1.665093] usb usb1: Product: DWC OTG Controller
May 27 12:01:12 raspberrypi kernel: [    1.667991] usb usb1: Manufacturer: Linux 4.4.11-v7+ dwc_otg_hcd
May 27 12:01:12 raspberrypi kernel: [    1.670935] usb usb1: SerialNumber: 3f980000.usb
May 27 12:01:12 raspberrypi kernel: [    1.674658] hub 1-0:1.0: USB hub found
May 27 12:01:12 raspberrypi kernel: [    1.677605] hub 1-0:1.0: 1 port detected
May 27 12:01:12 raspberrypi kernel: [    1.681456] usbcore: registered new interface driver usb-storage
May 27 12:01:12 raspberrypi kernel: [    1.684665] mousedev: PS/2 mouse device common for all mice
May 27 12:01:12 raspberrypi kernel: [    1.688302] bcm2835-cpufreq: min=600000 max=1200000
May 27 12:01:12 raspberrypi kernel: [    1.691528] sdhci: Secure Digital Host Controller Interface driver
May 27 12:01:12 raspberrypi kernel: [    1.694496] sdhci: Copyright(c) Pierre Ossman
May 27 12:01:12 raspberrypi kernel: [    1.697795] sdhost: log_buf @ bac13000 (fac13000)
May 27 12:01:12 raspberrypi kernel: [    1.778758] mmc0: sdhost-bcm2835 loaded - DMA enabled (>1)
May 27 12:01:12 raspberrypi kernel: [    1.784034] mmc-bcm2835 3f300000.mmc: mmc_debug:0 mmc_debug2:0
May 27 12:01:12 raspberrypi kernel: [    1.787009] mmc-bcm2835 3f300000.mmc: DMA channel allocated
May 27 12:01:12 raspberrypi kernel: [    1.838749] sdhci-pltfm: SDHCI platform and OF driver helper
May 27 12:01:12 raspberrypi kernel: [    1.842113] ledtrig-cpu: registered to indicate activity on CPUs
May 27 12:01:12 raspberrypi kernel: [    1.845183] hidraw: raw HID events driver (C) Jiri Kosina
May 27 12:01:12 raspberrypi kernel: [    1.848315] usbcore: registered new interface driver usbhid
May 27 12:01:12 raspberrypi kernel: [    1.851278] usbhid: USB HID core driver
May 27 12:01:12 raspberrypi kernel: [    1.854752] Initializing XFRM netlink socket
May 27 12:01:12 raspberrypi kernel: [    1.857690] NET: Registered protocol family 17
May 27 12:01:12 raspberrypi kernel: [    1.860739] Key type dns_resolver registered
May 27 12:01:12 raspberrypi kernel: [    1.864120] Registering SWP/SWPB emulation handler
May 27 12:01:12 raspberrypi kernel: [    1.867793] registered taskstats version 1
May 27 12:01:12 raspberrypi kernel: [    1.870840] vc-sm: Videocore shared memory driver
May 27 12:01:12 raspberrypi kernel: [    1.873692] [vc_sm_connected_init]: start
May 27 12:01:12 raspberrypi kernel: [    1.877738] [vc_sm_connected_init]: end - returning 0
May 27 12:01:12 raspberrypi kernel: [    1.879772] mmc0: host does not support reading read-only switch, assuming write-enable
May 27 12:01:12 raspberrypi kernel: [    1.882207] mmc0: new high speed SDHC card at address aaaa
May 27 12:01:12 raspberrypi kernel: [    1.882772] mmcblk0: mmc0:aaaa SL16G 14.8 GiB
May 27 12:01:12 raspberrypi kernel: [    1.884948]  mmcblk0: p1 p2
May 27 12:01:12 raspberrypi kernel: [    1.891799] Indeed it is in host mode hprt0 = 00021501
May 27 12:01:12 raspberrypi kernel: [    1.900065] 3f201000.uart: ttyAMA0 at MMIO 0x3f201000 (irq = 87, base_baud = 0) is a PL011 rev2
May 27 12:01:12 raspberrypi kernel: [    1.901803] mmc1: queuing unknown CIS tuple 0x80 (2 bytes)
May 27 12:01:12 raspberrypi kernel: [    1.903351] mmc1: queuing unknown CIS tuple 0x80 (3 bytes)
May 27 12:01:12 raspberrypi kernel: [    1.904898] mmc1: queuing unknown CIS tuple 0x80 (3 bytes)
May 27 12:01:12 raspberrypi kernel: [    1.907675] mmc1: queuing unknown CIS tuple 0x80 (7 bytes)
May 27 12:01:12 raspberrypi kernel: [    1.914760] of_cfs_init
May 27 12:01:12 raspberrypi kernel: [    1.917565] of_cfs_init: OK
May 27 12:01:12 raspberrypi kernel: [    1.938166] EXT4-fs (mmcblk0p2): mounted filesystem with ordered data mode. Opts: (null)
May 27 12:01:12 raspberrypi kernel: [    1.941102] VFS: Mounted root (ext4 filesystem) readonly on device 179:2.
May 27 12:01:12 raspberrypi kernel: [    1.947854] devtmpfs: mounted
May 27 12:01:12 raspberrypi kernel: [    1.951427] Freeing unused kernel memory: 476K (807e7000 - 8085e000)
May 27 12:01:12 raspberrypi kernel: [    1.998578] mmc1: new high speed SDIO card at address 0001
May 27 12:01:12 raspberrypi kernel: [    2.068693] usb 1-1: new high-speed USB device number 2 using dwc_otg
May 27 12:01:12 raspberrypi kernel: [    2.071728] Indeed it is in host mode hprt0 = 00001101
May 27 12:01:12 raspberrypi kernel: [    2.179641] random: systemd urandom read with 29 bits of entropy available
May 27 12:01:12 raspberrypi kernel: [    2.268949] usb 1-1: New USB device found, idVendor=0424, idProduct=9514
May 27 12:01:12 raspberrypi kernel: [    2.272140] usb 1-1: New USB device strings: Mfr=0, Product=0, SerialNumber=0
May 27 12:01:12 raspberrypi kernel: [    2.276073] hub 1-1:1.0: USB hub found
May 27 12:01:12 raspberrypi kernel: [    2.279316] hub 1-1:1.0: 5 ports detected
May 27 12:01:12 raspberrypi kernel: [    2.326275] NET: Registered protocol family 10
May 27 12:01:12 raspberrypi kernel: [    2.558703] usb 1-1.1: new high-speed USB device number 3 using dwc_otg
May 27 12:01:12 raspberrypi kernel: [    2.659021] usb 1-1.1: New USB device found, idVendor=0424, idProduct=ec00
May 27 12:01:12 raspberrypi kernel: [    2.662196] usb 1-1.1: New USB device strings: Mfr=0, Product=0, SerialNumber=0
May 27 12:01:12 raspberrypi kernel: [    2.668245] smsc95xx v1.0.4
May 27 12:01:12 raspberrypi kernel: [    2.735141] smsc95xx 1-1.1:1.0 eth0: register 'smsc95xx' at usb-3f980000.usb-1.1, smsc95xx USB 2.0 Ethernet, b8:27:eb:45:a1:d8
May 27 12:01:12 raspberrypi kernel: [    2.818679] usb 1-1.2: new low-speed USB device number 4 using dwc_otg
May 27 12:01:12 raspberrypi kernel: [    2.934998] usb 1-1.2: New USB device found, idVendor=413c, idProduct=3010
May 27 12:01:12 raspberrypi kernel: [    2.938293] usb 1-1.2: New USB device strings: Mfr=0, Product=0, SerialNumber=0
May 27 12:01:12 raspberrypi kernel: [    2.956935] input: HID 413c:3010 as /devices/platform/soc/3f980000.usb/usb1/1-1/1-1.2/1-1.2:1.0/0003:413C:3010.0001/input/input0
May 27 12:01:12 raspberrypi kernel: [    2.957429] hid-generic 0003:413C:3010.0001: input,hidraw0: USB HID v1.00 Mouse [HID 413c:3010] on usb-3f980000.usb-1.2/input0
May 27 12:01:12 raspberrypi kernel: [    3.039196] usb 1-1.3: new low-speed USB device number 5 using dwc_otg
May 27 12:01:12 raspberrypi kernel: [    3.112557] fuse init (API version 7.23)
May 27 12:01:12 raspberrypi kernel: [    3.154109] i2c /dev entries driver
May 27 12:01:12 raspberrypi kernel: [    3.195988] usb 1-1.3: New USB device found, idVendor=04f2, idProduct=0841
May 27 12:01:12 raspberrypi kernel: [    3.199926] usb 1-1.3: New USB device strings: Mfr=1, Product=2, SerialNumber=0
May 27 12:01:12 raspberrypi kernel: [    3.203690] usb 1-1.3: Product: HP USB Multimedia Keyboard
May 27 12:01:12 raspberrypi kernel: [    3.207417] usb 1-1.3: Manufacturer: CHICONY
May 27 12:01:12 raspberrypi kernel: [    3.221746] input: CHICONY HP USB Multimedia Keyboard as /devices/platform/soc/3f980000.usb/usb1/1-1/1-1.3/1-1.3:1.0/0003:04F2:0841.0002/input/input1
May 27 12:01:12 raspberrypi kernel: [    3.279505] hid-generic 0003:04F2:0841.0002: input,hidraw1: USB HID v1.11 Keyboard [CHICONY HP USB Multimedia Keyboard] on usb-3f980000.usb-1.3/input0
May 27 12:01:12 raspberrypi kernel: [    3.303112] input: CHICONY HP USB Multimedia Keyboard as /devices/platform/soc/3f980000.usb/usb1/1-1/1-1.3/1-1.3:1.1/0003:04F2:0841.0003/input/input2
May 27 12:01:12 raspberrypi kernel: [    3.359280] hid-generic 0003:04F2:0841.0003: input,hiddev0,hidraw2: USB HID v1.11 Device [CHICONY HP USB Multimedia Keyboard] on usb-3f980000.usb-1.3/input1
May 27 12:01:12 raspberrypi kernel: [    4.274460] EXT4-fs (mmcblk0p2): re-mounted. Opts: (null)
May 27 12:01:12 raspberrypi kernel: [    4.288584] bcm2835-wdt 3f100000.watchdog: Broadcom BCM2835 watchdog timer
May 27 12:01:12 raspberrypi kernel: [    4.289798] gpiomem-bcm2835 3f200000.gpiomem: Initialised: Registers at 0x3f200000
May 27 12:01:12 raspberrypi kernel: [    4.540503] usbcore: registered new interface driver brcmfmac
May 27 12:01:12 raspberrypi kernel: [    4.652502] random: nonblocking pool is initialized
May 27 12:01:12 raspberrypi kernel: [    4.756381] cfg80211: World regulatory domain updated:
May 27 12:01:12 raspberrypi kernel: [    4.756390] cfg80211:  DFS Master region: unset
May 27 12:01:12 raspberrypi kernel: [    4.756399] cfg80211:   (start_freq - end_freq @ bandwidth), (max_antenna_gain, max_eirp), (dfs_cac_time)
May 27 12:01:12 raspberrypi kernel: [    4.756413] cfg80211:   (2402000 KHz - 2472000 KHz @ 40000 KHz), (N/A, 2000 mBm), (N/A)
May 27 12:01:12 raspberrypi kernel: [    4.756426] cfg80211:   (2457000 KHz - 2482000 KHz @ 40000 KHz), (N/A, 2000 mBm), (N/A)
May 27 12:01:12 raspberrypi kernel: [    4.756438] cfg80211:   (2474000 KHz - 2494000 KHz @ 20000 KHz), (N/A, 2000 mBm), (N/A)
May 27 12:01:12 raspberrypi kernel: [    4.756452] cfg80211:   (5170000 KHz - 5250000 KHz @ 80000 KHz, 160000 KHz AUTO), (N/A, 2000 mBm), (N/A)
May 27 12:01:12 raspberrypi kernel: [    4.756466] cfg80211:   (5250000 KHz - 5330000 KHz @ 80000 KHz, 160000 KHz AUTO), (N/A, 2000 mBm), (0 s)
May 27 12:01:12 raspberrypi kernel: [    4.756479] cfg80211:   (5490000 KHz - 5730000 KHz @ 160000 KHz), (N/A, 2000 mBm), (0 s)
May 27 12:01:12 raspberrypi kernel: [    4.756491] cfg80211:   (5735000 KHz - 5835000 KHz @ 80000 KHz), (N/A, 2000 mBm), (N/A)
May 27 12:01:12 raspberrypi kernel: [    4.756503] cfg80211:   (57240000 KHz - 63720000 KHz @ 2160000 KHz), (N/A, 0 mBm), (N/A)
May 27 12:01:12 raspberrypi kernel: [    5.896884] IPv6: ADDRCONF(NETDEV_UP): wlan0: link is not ready
May 27 12:01:12 raspberrypi kernel: [    5.897012] brcmfmac: power management disabled
May 27 12:01:12 raspberrypi kernel: [    6.251763] cfg80211: Regulatory domain changed to country: GB
May 27 12:01:12 raspberrypi kernel: [    6.251786] cfg80211:  DFS Master region: ETSI
May 27 12:01:12 raspberrypi kernel: [    6.251796] cfg80211:   (start_freq - end_freq @ bandwidth), (max_antenna_gain, max_eirp), (dfs_cac_time)
May 27 12:01:12 raspberrypi kernel: [    6.251810] cfg80211:   (2402000 KHz - 2482000 KHz @ 40000 KHz), (N/A, 2000 mBm), (N/A)
May 27 12:01:12 raspberrypi kernel: [    6.251825] cfg80211:   (5170000 KHz - 5250000 KHz @ 80000 KHz, 160000 KHz AUTO), (N/A, 2000 mBm), (N/A)
May 27 12:01:12 raspberrypi kernel: [    6.251841] cfg80211:   (5250000 KHz - 5330000 KHz @ 80000 KHz, 160000 KHz AUTO), (N/A, 2000 mBm), (0 s)
May 27 12:01:12 raspberrypi kernel: [    6.251854] cfg80211:   (5490000 KHz - 5710000 KHz @ 160000 KHz), (N/A, 2700 mBm), (0 s)
May 27 12:01:12 raspberrypi kernel: [    6.251866] cfg80211:   (57000000 KHz - 66000000 KHz @ 2160000 KHz), (N/A, 4000 mBm), (N/A)
May 27 12:01:12 raspberrypi kernel: [    6.382133] uart-pl011 3f201000.uart: no DMA platform data
May 27 12:01:12 raspberrypi kernel: [    6.657206] Adding 102396k swap on /var/swap.  Priority:-1 extents:1 across:102396k SSFS
May 27 12:01:12 raspberrypi kernel: [    6.927651] smsc95xx 1-1.1:1.0 eth0: hardware isn't capable of remote wakeup
May 27 12:01:12 raspberrypi kernel: [    6.927938] IPv6: ADDRCONF(NETDEV_UP): eth0: link is not ready
May 27 12:01:16 raspberrypi kernel: [   10.896148] Bluetooth: Core ver 2.21
May 27 12:01:16 raspberrypi kernel: [   10.896206] NET: Registered protocol family 31
May 27 12:01:16 raspberrypi kernel: [   10.896211] Bluetooth: HCI device and connection manager initialized
May 27 12:01:16 raspberrypi kernel: [   10.896393] Bluetooth: HCI socket layer initialized
May 27 12:01:16 raspberrypi kernel: [   10.896405] Bluetooth: L2CAP socket layer initialized
May 27 12:01:16 raspberrypi kernel: [   10.896431] Bluetooth: SCO socket layer initialized
May 27 12:01:16 raspberrypi kernel: [   10.906498] Bluetooth: HCI UART driver ver 2.3
May 27 12:01:16 raspberrypi kernel: [   10.906512] Bluetooth: HCI UART protocol H4 registered
May 27 12:01:16 raspberrypi kernel: [   10.906517] Bluetooth: HCI UART protocol Three-wire (H5) registered
May 27 12:01:16 raspberrypi kernel: [   10.906651] Bluetooth: HCI UART protocol BCM registered
May 27 12:01:17 raspberrypi kernel: [   11.163028] Bluetooth: BNEP (Ethernet Emulation) ver 1.3
May 27 12:01:17 raspberrypi kernel: [   11.163048] Bluetooth: BNEP filters: protocol multicast
May 27 12:01:17 raspberrypi kernel: [   11.163071] Bluetooth: BNEP socket layer initialized
May 27 12:01:19 raspberrypi org.gtk.Private.AfcVolumeMonitor[652]: Volume monitor alive
May 27 12:03:15 raspberrypi kernel: [  129.708692] usb 1-1.5: new high-speed USB device number 6 using dwc_otg
May 27 12:03:15 raspberrypi kernel: [  129.825827] usb 1-1.5: New USB device found, idVendor=148f, idProduct=3070
May 27 12:03:15 raspberrypi kernel: [  129.825849] usb 1-1.5: New USB device strings: Mfr=1, Product=2, SerialNumber=3
May 27 12:03:15 raspberrypi kernel: [  129.825862] usb 1-1.5: Product: 802.11 n WLAN
May 27 12:03:15 raspberrypi kernel: [  129.825874] usb 1-1.5: Manufacturer: Ralink
May 27 12:03:15 raspberrypi kernel: [  129.825887] usb 1-1.5: SerialNumber: 1.0
May 27 12:03:16 raspberrypi kernel: [  131.048688] usb 1-1.5: reset high-speed USB device number 6 using dwc_otg
May 27 12:03:17 raspberrypi kernel: [  131.159197] ieee80211 phy1: rt2x00_set_rt: Info - RT chipset 3070, rev 0201 detected
May 27 12:03:17 raspberrypi kernel: [  131.177075] ieee80211 phy1: rt2x00_set_rf: Info - RF chipset 0005 detected
May 27 12:03:17 raspberrypi kernel: [  131.197423] usbcore: registered new interface driver rt2800usb
May 27 12:03:17 raspberrypi kernel: [  131.352410] ieee80211 phy1: rt2x00lib_request_firmware: Info - Loading firmware file 'rt2870.bin'
May 27 12:03:17 raspberrypi kernel: [  131.357206] ieee80211 phy1: rt2x00lib_request_firmware: Info - Firmware detected - version: 0.29
May 27 12:03:17 raspberrypi rsyslogd-2007: action 'action 17' suspended, next retry is Fri May 27 12:03:47 2016 [try http://www.rsyslog.com/e/2007 ]
May 27 12:03:17 raspberrypi kernel: [  131.775684] IPv6: ADDRCONF(NETDEV_UP): wlan1: link is not ready
May 27 12:03:18 raspberrypi kernel: [  132.439237] usb 1-1.2: USB disconnect, device number 4
May 27 12:03:18 raspberrypi kernel: [  132.778656] usb 1-1.2: new low-speed USB device number 7 using dwc_otg
May 27 12:03:18 raspberrypi kernel: [  132.886267] usb 1-1.2: New USB device found, idVendor=413c, idProduct=3010
May 27 12:03:18 raspberrypi kernel: [  132.886278] usb 1-1.2: New USB device strings: Mfr=0, Product=0, SerialNumber=0
May 27 12:03:18 raspberrypi kernel: [  132.893722] input: HID 413c:3010 as /devices/platform/soc/3f980000.usb/usb1/1-1/1-1.2/1-1.2:1.0/0003:413C:3010.0004/input/input3
May 27 12:03:18 raspberrypi kernel: [  132.894076] hid-generic 0003:413C:3010.0004: input,hidraw0: USB HID v1.00 Mouse [HID 413c:3010] on usb-3f980000.usb-1.2/input0
May 27 12:04:19 raspberrypi rsyslogd-2007: action 'action 17' suspended, next retry is Fri May 27 12:04:49 2016 [try http://www.rsyslog.com/e/2007 ]
May 27 12:06:13 raspberrypi rsyslogd-2007: action 'action 17' suspended, next retry is Fri May 27 12:06:43 2016 [try http://www.rsyslog.com/e/2007 ]
May 27 12:08:21 raspberrypi rsyslogd-2007: action 'action 17' suspended, next retry is Fri May 27 12:08:51 2016 [try http://www.rsyslog.com/e/2007 ]
May 27 12:01:18 raspberrypi rsyslogd: [origin software="rsyslogd" swVersion="8.4.2" x-pid="576" x-info="http://www.rsyslog.com"] start
May 27 12:01:18 raspberrypi kernel: [    0.000000] Booting Linux on physical CPU 0x0
May 27 12:01:18 raspberrypi kernel: [    0.000000] Initializing cgroup subsys cpuset
May 27 12:01:18 raspberrypi kernel: [    0.000000] Initializing cgroup subsys cpu
May 27 12:01:18 raspberrypi kernel: [    0.000000] Initializing cgroup subsys cpuacct
May 27 12:01:18 raspberrypi kernel: [    0.000000] Linux version 4.4.11-v7+ (dc4@dc4-XPS13-9333) (gcc version 4.9.3 (crosstool-NG crosstool-ng-1.22.0-88-g8460611) ) #888 SMP Mon May 23 20:10:33 BST 2016
May 27 12:01:18 raspberrypi kernel: [    0.000000] CPU: ARMv7 Processor [410fd034] revision 4 (ARMv7), cr=10c5383d
May 27 12:01:18 raspberrypi kernel: [    0.000000] CPU: PIPT / VIPT nonaliasing data cache, VIPT aliasing instruction cache
May 27 12:01:18 raspberrypi kernel: [    0.000000] Machine model: Raspberry Pi 3 Model B Rev 1.2
May 27 12:01:18 raspberrypi kernel: [    0.000000] cma: Reserved 8 MiB at 0x3a800000
May 27 12:01:18 raspberrypi kernel: [    0.000000] Memory policy: Data cache writealloc
May 27 12:01:18 raspberrypi kernel: [    0.000000] [bcm2709_smp_init_cpus] enter (9520->f3003010)
May 27 12:01:18 raspberrypi kernel: [    0.000000] [bcm2709_smp_init_cpus] ncores=4
May 27 12:01:18 raspberrypi kernel: [    0.000000] PERCPU: Embedded 13 pages/cpu @b9f62000 s22592 r8192 d22464 u53248
May 27 12:01:18 raspberrypi kernel: [    0.000000] Built 1 zonelists in Zone order, mobility grouping on.  Total pages: 239540
May 27 12:01:18 raspberrypi kernel: [    0.000000] Kernel command line: 8250.nr_uarts=0 dma.dmachans=0x7f35 bcm2708_fb.fbwidth=1360 bcm2708_fb.fbheight=768 bcm2709.boardrev=0xa22082 bcm2709.serial=0x7c45a1d8 smsc95xx.macaddr=B8:27:EB:45:A1:D8 bcm2708_fb.fbswap=1 bcm2709.uart_clock=48000000 vc_mem.mem_base=0x3dc00000 vc_mem.mem_size=0x3f000000  dwc_otg.lpm_enable=0 console=ttyS0,115200 console=tty1 root=/dev/mmcblk0p2 rootfstype=ext4 elevator=deadline fsck.repair=yes rootwait
May 27 12:01:18 raspberrypi kernel: [    0.000000] PID hash table entries: 4096 (order: 2, 16384 bytes)
May 27 12:01:18 raspberrypi kernel: [    0.000000] Dentry cache hash table entries: 131072 (order: 7, 524288 bytes)
May 27 12:01:18 raspberrypi kernel: [    0.000000] Inode-cache hash table entries: 65536 (order: 6, 262144 bytes)
May 27 12:01:18 raspberrypi kernel: [    0.000000] Memory: 939080K/966656K available (6344K kernel code, 432K rwdata, 1712K rodata, 476K init, 764K bss, 19384K reserved, 8192K cma-reserved)
May 27 12:01:18 raspberrypi kernel: [    0.000000] Virtual kernel memory layout:
May 27 12:01:18 raspberrypi kernel: [    0.000000]     vector  : 0xffff0000 - 0xffff1000   (   4 kB)
May 27 12:01:18 raspberrypi kernel: [    0.000000]     fixmap  : 0xffc00000 - 0xfff00000   (3072 kB)
May 27 12:01:18 raspberrypi kernel: [    0.000000]     vmalloc : 0xbb800000 - 0xff800000   (1088 MB)
May 27 12:01:18 raspberrypi kernel: [    0.000000]     lowmem  : 0x80000000 - 0xbb000000   ( 944 MB)
May 27 12:01:18 raspberrypi kernel: [    0.000000]     modules : 0x7f000000 - 0x80000000   (  16 MB)
May 27 12:01:18 raspberrypi kernel: [    0.000000]       .text : 0x80008000 - 0x807e6420   (8058 kB)
May 27 12:01:18 raspberrypi kernel: [    0.000000]       .init : 0x807e7000 - 0x8085e000   ( 476 kB)
May 27 12:01:18 raspberrypi kernel: [    0.000000]       .data : 0x8085e000 - 0x808ca0c8   ( 433 kB)
May 27 12:01:18 raspberrypi kernel: [    0.000000]        .bss : 0x808cd000 - 0x8098c1ac   ( 765 kB)
May 27 12:01:18 raspberrypi kernel: [    0.000000] SLUB: HWalign=64, Order=0-3, MinObjects=0, CPUs=4, Nodes=1
May 27 12:01:18 raspberrypi kernel: [    0.000000] Hierarchical RCU implementation.
May 27 12:01:18 raspberrypi kernel: [    0.000000] 	Build-time adjustment of leaf fanout to 32.
May 27 12:01:18 raspberrypi kernel: [    0.000000] NR_IRQS:16 nr_irqs:16 16
May 27 12:01:18 raspberrypi kernel: [    0.000000] Architected cp15 timer(s) running at 19.20MHz (phys).
May 27 12:01:18 raspberrypi kernel: [    0.000000] clocksource: arch_sys_counter: mask: 0xffffffffffffff max_cycles: 0x46d987e47, max_idle_ns: 440795202767 ns
May 27 12:01:18 raspberrypi kernel: [    0.000008] sched_clock: 56 bits at 19MHz, resolution 52ns, wraps every 4398046511078ns
May 27 12:01:18 raspberrypi kernel: [    0.000025] Switching to timer-based delay loop, resolution 52ns
May 27 12:01:18 raspberrypi kernel: [    0.000287] Console: colour dummy device 80x30
May 27 12:01:18 raspberrypi kernel: [    0.001338] console [tty1] enabled
May 27 12:01:18 raspberrypi kernel: [    0.001382] Calibrating delay loop (skipped), value calculated using timer frequency.. 38.40 BogoMIPS (lpj=192000)
May 27 12:01:18 raspberrypi kernel: [    0.001450] pid_max: default: 32768 minimum: 301
May 27 12:01:18 raspberrypi kernel: [    0.001786] Mount-cache hash table entries: 2048 (order: 1, 8192 bytes)
May 27 12:01:18 raspberrypi kernel: [    0.001828] Mountpoint-cache hash table entries: 2048 (order: 1, 8192 bytes)
May 27 12:01:18 raspberrypi kernel: [    0.002783] Disabling cpuset control group subsystem
May 27 12:01:18 raspberrypi kernel: [    0.002838] Initializing cgroup subsys io
May 27 12:01:18 raspberrypi kernel: [    0.002889] Initializing cgroup subsys memory
May 27 12:01:18 raspberrypi kernel: [    0.002950] Initializing cgroup subsys devices
May 27 12:01:18 raspberrypi kernel: [    0.002992] Initializing cgroup subsys freezer
May 27 12:01:18 raspberrypi kernel: [    0.003034] Initializing cgroup subsys net_cls
May 27 12:01:18 raspberrypi kernel: [    0.003107] CPU: Testing write buffer coherency: ok
May 27 12:01:18 raspberrypi kernel: [    0.003195] ftrace: allocating 21205 entries in 63 pages
May 27 12:01:18 raspberrypi kernel: [    0.052221] CPU0: update cpu_capacity 1024
May 27 12:01:18 raspberrypi kernel: [    0.052284] CPU0: thread -1, cpu 0, socket 0, mpidr 80000000
May 27 12:01:18 raspberrypi kernel: [    0.052318] [bcm2709_smp_prepare_cpus] enter
